Component: ARM Compiler 5.05 update 1 (build 106) Tool: armlink [4d0efa]

==============================================================================

Section Cross References

    main.o(.text) refers to _printf_percent.o(.ARM.Collect$$_printf_percent$$00000000) for _printf_percent
    main.o(.text) refers to _printf_d.o(.ARM.Collect$$_printf_percent$$00000009) for _printf_d
    main.o(.text) refers to _printf_dec.o(.text) for _printf_int_dec
    main.o(.text) refers to _printf_x.o(.ARM.Collect$$_printf_percent$$0000000C) for _printf_x
    main.o(.text) refers to _printf_hex_int.o(.text) for _printf_longlong_hex
    main.o(.text) refers to usart.o(.text) for USART_SendChar
    main.o(.text) refers to noretval__2printf.o(.text) for __2printf
    main.o(.text) refers to stm32f10x_rcc.o(.text) for RCC_APB1PeriphClockCmd
    main.o(.text) refers to stm32f10x_pwr.o(.text) for PWR_BackupAccessCmd
    main.o(.text) refers to stm32f10x_bkp.o(.text) for BKP_WriteBackupRegister
    main.o(.text) refers to sys.o(.text) for IO_Init
    main.o(.text) refers to flash.o(.text) for SPI_Flash_ReadID
    main.o(.text) refers to delay.o(.text) for delay_ms
    main.o(.text) refers to main.o(.bss) for ramin
    main.o(.text) refers to main.o(.data) for abc
    main.o(.text) refers to sht20.o(.text) for SHT20_GetValue
    main.o(.text) refers to fmul.o(x$fpl$fmul) for __aeabi_fmul
    main.o(.text) refers to ffixu.o(x$fpl$ffixu) for __aeabi_f2uiz
    main.o(.text) refers to stm32f10x_rtc.o(.text) for RTC_GetCounter
    main.o(.text) refers to i2c.o(.text) for IIC_Init
    main.o(.text) refers to misc.o(.text) for NVIC_PriorityGroupConfig
    main.o(.text) refers to rtc.o(.text) for RTC_Init
    main.o(.text) refers to xieyi.o(.text) for xieyi_scan
    main.o(.text) refers to sht20.o(.data) for sht20_info
    main.o(.text) refers to rtc.o(.bss) for calendar
    main.o(.text) refers to usart.o(.data) for Usart2_set
    main.o(.text) refers to usart.o(.bss) for USART2_RX_BUF
    system_stm32f10x.o(.text) refers to system_stm32f10x.o(.data) for SystemCoreClock
    key.o(.text) refers to sys.o(.text) for IO_Init
    key.o(.text) refers to stm32f10x_rcc.o(.text) for RCC_APB2PeriphClockCmd
    key.o(.text) refers to stm32f10x_gpio.o(.text) for GPIO_EXTILineConfig
    key.o(.text) refers to stm32f10x_exti.o(.text) for EXTI_Init
    key.o(.text) refers to misc.o(.text) for NVIC_Init
    key.o(.text) refers to key.o(.data) for INT_MARK
    rtc.o(.text) refers to misc.o(.text) for NVIC_Init
    rtc.o(.text) refers to stm32f10x_rtc.o(.text) for RTC_GetCounter
    rtc.o(.text) refers to stm32f10x_rcc.o(.text) for RCC_APB1PeriphClockCmd
    rtc.o(.text) refers to stm32f10x_pwr.o(.text) for PWR_BackupAccessCmd
    rtc.o(.text) refers to stm32f10x_bkp.o(.text) for BKP_ReadBackupRegister
    rtc.o(.text) refers to noretval__2printf.o(.text) for __2printf
    rtc.o(.text) refers to delay.o(.text) for delay_ms
    rtc.o(.text) refers to rtc.o(.constdata) for table_week
    rtc.o(.text) refers to rtc.o(.data) for daycnt
    rtc.o(.text) refers to rtc.o(.bss) for calendar
    flash.o(.text) refers to spi.o(.text) for SPI1_ReadWriteByte
    flash.o(.text) refers to sys.o(.text) for IO_Init
    flash.o(.text) refers to delay.o(.text) for delay_us
    flash.o(.text) refers to flash.o(.data) for SPI_FLASH_TYPE
    flash.o(.text) refers to flash.o(.bss) for SPI_FLASH_BUF
    spi.o(.text) refers to stm32f10x_spi.o(.text) for SPI_I2S_GetFlagStatus
    spi.o(.text) refers to stm32f10x_rcc.o(.text) for RCC_APB2PeriphClockCmd
    spi.o(.text) refers to stm32f10x_gpio.o(.text) for GPIO_Init
    spi.o(.text) refers to spi.o(.bss) for SPI_InitStructure
    i2c.o(.text) refers to sys.o(.text) for IO_Init
    i2c.o(.text) refers to stm32f10x_gpio.o(.text) for GPIO_SetBits
    i2c.o(.text) refers to delay.o(.text) for delay_us
    i2c.o(.text) refers to noretval__2printf.o(.text) for __2printf
    i2c.o(.text) refers to i2c.o(.data) for iic_info
    sht20.o(.text) refers to i2c.o(.text) for I2C_WriteByte
    sht20.o(.text) refers to fflt_clz.o(x$fpl$ffltu) for __aeabi_ui2f
    sht20.o(.text) refers to f2d.o(x$fpl$f2d) for __aeabi_f2d
    sht20.o(.text) refers to dmul.o(x$fpl$dmul) for __aeabi_dmul
    sht20.o(.text) refers to daddsub_clz.o(x$fpl$dadd) for __aeabi_dadd
    sht20.o(.text) refers to d2f.o(x$fpl$d2f) for __aeabi_d2f
    sht20.o(.text) refers to daddsub_clz.o(x$fpl$dsub) for __aeabi_dsub
    sht20.o(.text) refers to delay.o(.text) for delay_ms
    sht20.o(.text) refers to ffixu.o(x$fpl$ffixu) for __aeabi_f2uiz
    sht20.o(.text) refers to sht20.o(.data) for sht20_info
    delay.o(.text) refers to misc.o(.text) for SysTick_CLKSourceConfig
    delay.o(.text) refers to system_stm32f10x.o(.data) for SystemCoreClock
    delay.o(.text) refers to delay.o(.data) for fac_us
    sys.o(.text) refers to stm32f10x_rcc.o(.text) for RCC_APB2PeriphClockCmd
    sys.o(.text) refers to stm32f10x_gpio.o(.text) for GPIO_Init
[...]
    defsig_abrt_inner.o(.text) refers to defsig_general.o(.text) for __default_signal_display
    defsig_fpe_inner.o(.text) refers to defsig_general.o(.text) for __default_signal_display
    defsig_rtred_inner.o(.text) refers to defsig_general.o(.text) for __default_signal_display
    defsig_stak_inner.o(.text) refers to defsig_general.o(.text) for __default_signal_display
    defsig_pvfn_inner.o(.text) refers to defsig_general.o(.text) for __default_signal_display
    defsig_cppl_inner.o(.text) refers to defsig_general.o(.text) for __default_signal_display
    defsig_segv_inner.o(.text) refers to defsig_general.o(.text) for __default_signal_display
    defsig_other.o(.text) refers to defsig_general.o(.text) for __default_signal_display


==============================================================================

Removing Unused input sections from the image.

    Removing sht20.o(.constdata), (2 bytes).
    Removing sys.o(.emb_text), (6 bytes).
    Removing core_cm3.o(.emb_text), (32 bytes).
    Removing stm32f10x_flash.o(.text), (1468 bytes).

4 unused section(s) (total 1508 bytes) removed from the image.

==============================================================================

Image Symbol Table

    Local Symbols

    Symbol Name                              Value     Ov Type        Size  Object(Section)

    ../clib/angel/boardlib.s                 0x00000000   Number         0  boardinit3.o ABSOLUTE
    ../clib/angel/boardlib.s                 0x00000000   Number         0  boardinit2.o ABSOLUTE
    ../clib/angel/boardlib.s                 0x00000000   Number         0  boardshut.o ABSOLUTE
    ../clib/angel/boardlib.s                 0x00000000   Number         0  boardinit1.o ABSOLUTE
    ../clib/angel/dczerorl2.s                0x00000000   Number         0  __dczerorl2.o ABSOLUTE
    ../clib/angel/handlers.s                 0x00000000   Number         0  __scatter_zi.o ABSOLUTE
    ../clib/angel/kernel.s                   0x00000000   Number         0  __rtentry4.o ABSOLUTE
    ../clib/angel/kernel.s                   0x00000000   Number         0  __rtentry2.o ABSOLUTE
    ../clib/angel/kernel.s                   0x00000000   Number         0  __rtentry.o ABSOLUTE
    ../clib/angel/kernel.s                   0x00000000   Number         0  rtexit.o ABSOLUTE
    ../clib/angel/kernel.s                   0x00000000   Number         0  rtexit2.o ABSOLUTE
    ../clib/angel/rt.s                       0x00000000   Number         0  rt_raise.o ABSOLUTE
    ../clib/angel/scatter.s                  0x00000000   Number         0  __scatter.o ABSOLUTE
    ../clib/angel/startup.s                  0x00000000   Number         0  __main.o ABSOLUTE
    ../clib/angel/sys.s                      0x00000000   Number         0  use_no_semi.o ABSOLUTE
    ../clib/angel/sys.s                      0x00000000   Number         0  sys_stackheap_outer.o ABSOLUTE
    ../clib/angel/sys.s                      0x00000000   Number         0  indicate_semi.o ABSOLUTE
    ../clib/angel/sys.s                      0x00000000   Number         0  use_no_semi_2.o ABSOLUTE
    ../clib/angel/sys.s                      0x00000000   Number         0  libspace.o ABSOLUTE
    ../clib/angel/sysapp.c                   0x00000000   Number         0  sys_command.o ABSOLUTE
    ../clib/angel/sysapp.c                   0x00000000   Number         0  sys_wrch.o ABSOLUTE
    ../clib/armsys.c                         0x00000000   Number         0  no_argv.o ABSOLUTE
    ../clib/armsys.c                         0x00000000   Number         0  _get_argv_nomalloc.o ABSOLUTE
    ../clib/armsys.c                         0x00000000   Number         0  argv_veneer.o ABSOLUTE
    ../clib/armsys.c                         0x00000000   Number         0  argv_veneer.o ABSOLUTE
    ../clib/heapalloc.c                      0x00000000   Number         0  hrguard.o ABSOLUTE
    ../clib/heapaux.c                        0x00000000   Number         0  heapauxi.o ABSOLUTE
    ../clib/libinit.s                        0x00000000   Number         0  libinit2.o ABSOLUTE
    ../clib/libinit.s                        0x00000000   Number         0  libinit.o ABSOLUTE
    ../clib/libinit.s                        0x00000000   Number         0  libshutdown2.o ABSOLUTE
    ../clib/libinit.s                        0x00000000   Number         0  libshutdown.o ABSOLUTE
    ../clib/printf.c                         0x00000000   Number         0  __printf_flags_wp.o ABSOLUTE
    ../clib/printf.c                         0x00000000   Number         0  _printf_hex_int_ptr.o ABSOLUTE
    ../clib/printf.c                         0x00000000   Number         0  __printf_ss_wp.o ABSOLUTE
    ../clib/printf.c                         0x00000000   Number         0  __printf_nopercent.o ABSOLUTE
    ../clib/printf.c                         0x00000000   Number         0  __printf_flags_ss_wp.o ABSOLUTE
    ../clib/printf.c                         0x00000000   Number         0  _printf_hex_int_ll_ptr.o ABSOLUTE
    ../clib/printf.c                         0x00000000   Number         0  __printf_wp.o ABSOLUTE
    ../clib/printf.c                         0x00000000   Number         0  _printf_dec.o ABSOLUTE
    ../clib/printf.c                         0x00000000   Number         0  __printf_flags.o ABSOLUTE
    ../clib/printf.c                         0x00000000   Number         0  __printf.o ABSOLUTE
    ../clib/printf.c                         0x00000000   Number         0  __printf_ss.o ABSOLUTE
    ../clib/printf.c                         0x00000000   Number         0  noretval__2printf.o ABSOLUTE
    ../clib/printf.c                         0x00000000   Number         0  _printf_hex_ll.o ABSOLUTE
    ../clib/printf.c                         0x00000000   Number         0  __2printf.o ABSOLUTE
    ../clib/printf.c                         0x00000000   Number         0  _printf_char_common.o ABSOLUTE
    ../clib/printf.c                         0x00000000   Number         0  __printf_flags_ss.o ABSOLUTE
    ../clib/printf.c                         0x00000000   Number         0  _printf_hex_ptr.o ABSOLUTE
    ../clib/printf.c                         0x00000000   Number         0  _printf_hex_int.o ABSOLUTE
    ../clib/printf.c                         0x00000000   Number         0  _printf_hex_int_ll.o ABSOLUTE
    ../clib/printf.c                         0x00000000   Number         0  _printf_char_file.o ABSOLUTE
    ../clib/printf.c                         0x00000000   Number         0  _printf_hex_ll_ptr.o ABSOLUTE
    ../clib/printf.c                         0x00000000   Number         0  _printf_intcommon.o ABSOLUTE
    ../clib/printf_percent.s                 0x00000000   Number         0  _printf_percent.o ABSOLUTE
    ../clib/printf_percent.s                 0x00000000   Number         0  _printf_x.o ABSOLUTE
    ../clib/printf_percent.s                 0x00000000   Number         0  _printf_d.o ABSOLUTE
    ../clib/printf_percent.s                 0x00000000   Number         0  _printf_percent_end.o ABSOLUTE
    ../clib/signal.c                         0x00000000   Number         0  defsig_fpe_inner.o ABSOLUTE
    ../clib/signal.c                         0x00000000   Number         0  defsig_rtred_inner.o ABSOLUTE
    ../clib/signal.c                         0x00000000   Number         0  defsig_stak_inner.o ABSOLUTE
    ../clib/signal.c                         0x00000000   Number         0  defsig_pvfn_inner.o ABSOLUTE
    ../clib/signal.c                         0x00000000   Number         0  defsig_cppl_inner.o ABSOLUTE
    ../clib/signal.c                         0x00000000   Number         0  defsig_segv_inner.o ABSOLUTE
    ../clib/signal.c                         0x00000000   Number         0  defsig_other.o ABSOLUTE
    ../clib/signal.c                         0x00000000   Number         0  defsig_exit.o ABSOLUTE
    ../clib/signal.c                         0x00000000   Number         0  defsig_rtmem_outer.o ABSOLUTE
    ../clib/signal.c                         0x00000000   Number         0  defsig_rtmem_formal.o ABSOLUTE
    ../clib/signal.c                         0x00000000   Number         0  defsig_rtmem_inner.o ABSOLUTE
    ../clib/signal.c                         0x00000000   Number         0  __raise.o ABSOLUTE
    ../clib/signal.c                         0x00000000   Number         0  defsig_general.o ABSOLUTE
    ../clib/signal.c                         0x00000000   Number         0  defsig_abrt_inner.o ABSOLUTE
    ../clib/signal.s                         0x00000000   Number         0  defsig.o ABSOLUTE
    ../clib/stdio.c                          0x00000000   Number         0  ferror.o ABSOLUTE
    ../clib/stdio.c                          0x00000000   Number         0  ferror_locked.o ABSOLUTE
    ../clib/stdlib.c                         0x00000000   Number         0  exit.o ABSOLUTE
    ../fplib/d2f.s                           0x00000000   Number         0  d2f.o ABSOLUTE
    ../fplib/daddsub.s                       0x00000000   Number         0  daddsub_clz.o ABSOLUTE
    ../fplib/dmul.s                          0x00000000   Number         0  dmul.o ABSOLUTE
    ../fplib/dnaninf.s                       0x00000000   Number         0  dnaninf.o ABSOLUTE
    ../fplib/dretinf.s                       0x00000000   Number         0  dretinf.o ABSOLUTE
    ../fplib/f2d.s                           0x00000000   Number         0  f2d.o ABSOLUTE
    ../fplib/ffixu.s                         0x00000000   Number         0  ffixu.o ABSOLUTE
    ../fplib/fflt.s                          0x00000000   Number         0  fflt_clz.o ABSOLUTE
    ../fplib/fmul.s                          0x00000000   Number         0  fmul.o ABSOLUTE
    ../fplib/fnaninf.s                       0x00000000   Number         0  fnaninf.o ABSOLUTE
    ../fplib/fpinit.s                        0x00000000   Number         0  fpinit.o ABSOLUTE
    ../fplib/fretinf.s                       0x00000000   Number         0  fretinf.o ABSOLUTE
    ../fplib/usenofp.s                       0x00000000   Number         0  usenofp.o ABSOLUTE
    ..\CORE\core_cm3.c                       0x00000000   Number         0  core_cm3.o ABSOLUTE
    ..\CORE\startup_stm32f10x_md.s           0x00000000   Number         0  startup_stm32f10x_md.o ABSOLUTE
    ..\HARDWARE\KEY\key.c                    0x00000000   Number         0  key.o ABSOLUTE
    ..\HARDWARE\RTC\rtc.c                    0x00000000   Number         0  rtc.o ABSOLUTE
    ..\HARDWARE\SHT20\i2c.c                  0x00000000   Number         0  i2c.o ABSOLUTE
    ..\HARDWARE\SHT20\sht20.c                0x00000000   Number         0  sht20.o ABSOLUTE
    ..\HARDWARE\W25Q64\FLASH\flash.c         0x00000000   Number         0  flash.o ABSOLUTE
    ..\HARDWARE\W25Q64\SPI\spi.c             0x00000000   Number         0  spi.o ABSOLUTE
    ..\HARDWARE\xieyi\xieyi.c                0x00000000   Number         0  xieyi.o ABSOLUTE
    ..\HARDWARE\xieyi\xieyi_config.c         0x00000000   Number         0  xieyi_config.o ABSOLUTE
    ..\STM32F10x_FWLib\src\misc.c            0x00000000   Number         0  misc.o ABSOLUTE
    ..\STM32F10x_FWLib\src\stm32f10x_bkp.c   0x00000000   Number         0  stm32f10x_bkp.o ABSOLUTE
    ..\STM32F10x_FWLib\src\stm32f10x_exti.c  0x00000000   Number         0  stm32f10x_exti.o ABSOLUTE
    ..\STM32F10x_FWLib\src\stm32f10x_flash.c 0x00000000   Number         0  stm32f10x_flash.o ABSOLUTE
    ..\STM32F10x_FWLib\src\stm32f10x_gpio.c  0x00000000   Number         0  stm32f10x_gpio.o ABSOLUTE
    ..\STM32F10x_FWLib\src\stm32f10x_pwr.c   0x00000000   Number         0  stm32f10x_pwr.o ABSOLUTE
    ..\STM32F10x_FWLib\src\stm32f10x_rcc.c   0x00000000   Number         0  stm32f10x_rcc.o ABSOLUTE
    ..\STM32F10x_FWLib\src\stm32f10x_rtc.c   0x00000000   Number         0  stm32f10x_rtc.o ABSOLUTE
    ..\STM32F10x_FWLib\src\stm32f10x_spi.c   0x00000000   Number         0  stm32f10x_spi.o ABSOLUTE
    ..\STM32F10x_FWLib\src\stm32f10x_usart.c 0x00000000   Number         0  stm32f10x_usart.o ABSOLUTE
    ..\SYSTEM\delay\delay.c                  0x00000000   Number         0  delay.o ABSOLUTE
    ..\SYSTEM\sys\sys.c                      0x00000000   Number         0  sys.o ABSOLUTE
    ..\SYSTEM\usart\usart.c                  0x00000000   Number         0  usart.o ABSOLUTE
    ..\\CORE\\core_cm3.c                     0x00000000   Number         0  core_cm3.o ABSOLUTE
    ..\\SYSTEM\\sys\\sys.c                   0x00000000   Number         0  sys.o ABSOLUTE
    dc.s                                     0x00000000   Number         0  dc.o ABSOLUTE
    main.c                                   0x00000000   Number         0  main.o ABSOLUTE
    stm32f10x_it.c                           0x00000000   Number         0  stm32f10x_it.o ABSOLUTE
    system_stm32f10x.c                       0x00000000   Number         0  system_stm32f10x.o ABSOLUTE
    RESET                                    0x08000000   Section      236  startup_stm32f10x_md.o(RESET)
    !!!main                                  0x080000ec   Section        8  __main.o(!!!main)
    !!!scatter                               0x080000f4   Section       52  __scatter.o(!!!scatter)
    !!dczerorl2                              0x08000128   Section       90  __dczerorl2.o(!!dczerorl2)
    !!handler_zi                             0x08000184   Section       28  __scatter_zi.o(!!handler_zi)
    .ARM.Collect$$_printf_percent$$00000000  0x080001a0   Section        0  _printf_percent.o(.ARM.Collect$$_printf_percent$$00000000)
    .ARM.Collect$$_printf_percent$$00000009  0x080001a0   Section        6  _printf_d.o(.ARM.Collect$$_printf_percent$$00000009)
    .ARM.Collect$$_printf_percent$$0000000C  0x080001a6   Section        6  _printf_x.o(.ARM.Collect$$_printf_percent$$0000000C)
    .ARM.Collect$$_printf_percent$$00000017  0x080001ac   Section        4  _printf_percent_end.o(.ARM.Collect$$_printf_percent$$00000017)
    .ARM.Collect$$libinit$$00000000          0x080001b0   Section        2  libinit.o(.ARM.Collect$$libinit$$00000000)
    .ARM.Collect$$libinit$$00000002          0x080001b2   Section        0  libinit2.o(.ARM.Collect$$libinit$$00000002)
    .ARM.Collect$$libinit$$00000004          0x080001b2   Section        0  libinit2.o(.ARM.Collect$$libinit$$00000004)
    .ARM.Collect$$libinit$$0000000A          0x080001b2   Section        0  libinit2.o(.ARM.Collect$$libinit$$0000000A)
    .ARM.Collect$$libinit$$0000000C          0x080001b2   Section        0  libinit2.o(.ARM.Collect$$libinit$$0000000C)
    .ARM.Collect$$libinit$$0000000E          0x080001b2   Section        0  libinit2.o(.ARM.Collect$$libinit$$0000000E)
    .ARM.Collect$$libinit$$00000011          0x080001b2   Section        0  libinit2.o(.ARM.Collect$$libinit$$00000011)
    .ARM.Collect$$libinit$$00000013          0x080001b2   Section        0  libinit2.o(.ARM.Collect$$libinit$$00000013)
    .ARM.Collect$$libinit$$00000015          0x080001b2   Section        0  libinit2.o(.ARM.Collect$$libinit$$00000015)
    .ARM.Collect$$libinit$$00000017          0x080001b2   Section        0  libinit2.o(.ARM.Collect$$libinit$$00000017)
    .ARM.Collect$$libinit$$00000019          0x080001b2   Section        0  libinit2.o(.ARM.Collect$$libinit$$00000019)
    .ARM.Collect$$libinit$$0000001B          0x080001b2   Section        0  libinit2.o(.ARM.Collect$$libinit$$0000001B)
    .ARM.Collect$$libinit$$0000001D          0x080001b2   Section        0  libinit2.o(.ARM.Collect$$libinit$$0000001D)
    .ARM.Collect$$libinit$$0000001F          0x080001b2   Section        0  libinit2.o(.ARM.Collect$$libinit$$0000001F)
    .ARM.Collect$$libinit$$00000021          0x080001b2   Section        0  libinit2.o(.ARM.Collect$$libinit$$00000021)
    .ARM.Collect$$libinit$$00000023          0x080001b2   Section        0  libinit2.o(.ARM.Collect$$libinit$$00000023)
    .ARM.Collect$$libinit$$00000025          0x080001b2   Section        0  libinit2.o(.ARM.Collect$$libinit$$00000025)
    .ARM.Collect$$libinit$$0000002C          0x080001b2   Section        0  libinit2.o(.ARM.Collect$$libinit$$0000002C)
    .ARM.Collect$$libinit$$0000002E          0x080001b2   Section        0  libinit2.o(.ARM.Collect$$libinit$$0000002E)
    .ARM.Collect$$libinit$$00000030          0x080001b2   Section        0  libinit2.o(.ARM.Collect$$libinit$$00000030)
    .ARM.Collect$$libinit$$00000032          0x080001b2   Section        0  libinit2.o(.ARM.Collect$$libinit$$00000032)
    .ARM.Collect$$libinit$$00000033          0x080001b2   Section        2  libinit2.o(.ARM.Collect$$libinit$$00000033)
    .ARM.Collect$$libshutdown$$00000000      0x080001b4   Section        2  libshutdown.o(.ARM.Collect$$libshutdown$$00000000)
    .ARM.Collect$$libshutdown$$00000003      0x080001b6   Section        0  libshutdown2.o(.ARM.Collect$$libshutdown$$00000003)
    .ARM.Collect$$libshutdown$$00000006      0x080001b6   Section        0  libshutdown2.o(.ARM.Collect$$libshutdown$$00000006)
    .ARM.Collect$$libshutdown$$00000009      0x080001b6   Section        0  libshutdown2.o(.ARM.Collect$$libshutdown$$00000009)
    .ARM.Collect$$libshutdown$$0000000B      0x080001b6   Section        0  libshutdown2.o(.ARM.Collect$$libshutdown$$0000000B)
    .ARM.Collect$$libshutdown$$0000000E      0x080001b6   Section        0  libshutdown2.o(.ARM.Collect$$libshutdown$$0000000E)
    .ARM.Collect$$libshutdown$$0000000F      0x080001b6   Section        2  libshutdown2.o(.ARM.Collect$$libshutdown$$0000000F)
    .ARM.Collect$$rtentry$$00000000          0x080001b8   Section        0  __rtentry.o(.ARM.Collect$$rtentry$$00000000)
    .ARM.Collect$$rtentry$$00000002          0x080001b8   Section        0  __rtentry2.o(.ARM.Collect$$rtentry$$00000002)
    .ARM.Collect$$rtentry$$00000004          0x080001b8   Section        6  __rtentry4.o(.ARM.Collect$$rtentry$$00000004)
    .ARM.Collect$$rtentry$$00000009          0x080001be   Section        0  __rtentry2.o(.ARM.Collect$$rtentry$$00000009)
    .ARM.Collect$$rtentry$$0000000A          0x080001be   Section        4  __rtentry2.o(.ARM.Collect$$rtentry$$0000000A)
    .ARM.Collect$$rtentry$$0000000C          0x080001c2   Section        0  __rtentry2.o(.ARM.Collect$$rtentry$$0000000C)
    .ARM.Collect$$rtentry$$0000000D          0x080001c2   Section        8  __rtentry2.o(.ARM.Collect$$rtentry$$0000000D)
    .ARM.Collect$$rtexit$$00000000           0x080001ca   Section        2  rtexit.o(.ARM.Collect$$rtexit$$00000000)
    .ARM.Collect$$rtexit$$00000002           0x080001cc   Section        0  rtexit2.o(.ARM.Collect$$rtexit$$00000002)
    .ARM.Collect$$rtexit$$00000003           0x080001cc   Section        4  rtexit2.o(.ARM.Collect$$rtexit$$00000003)
    .ARM.Collect$$rtexit$$00000004           0x080001d0   Section        6  rtexit2.o(.ARM.Collect$$rtexit$$00000004)
    .text                                    0x080001d8   Section        0  main.o(.text)
    .text                                    0x08000cc0   Section        0  stm32f10x_it.o(.text)
    .text                                    0x08000cdc   Section        0  system_stm32f10x.o(.text)
    SetSysClockTo72                          0x08000cdd   Thumb Code   214  system_stm32f10x.o(.text)
    SetSysClock                              0x08000db3   Thumb Code     8  system_stm32f10x.o(.text)
    .text                                    0x08000ebc   Section        0  key.o(.text)
    .text                                    0x08000f38   Section        0  rtc.o(.text)
    RTC_NVIC_Config                          0x08000f39   Thumb Code    32  rtc.o(.text)
    .text                                    0x08001328   Section        0  flash.o(.text)
    .text                                    0x08001790   Section        0  spi.o(.text)
    .text                                    0x08001870   Section        0  i2c.o(.text)
    .text                                    0x08001c8c   Section        0  sht20.o(.text)
    .text                                    0x08001ecc   Section        0  delay.o(.text)
    .text                                    0x08001fa0   Section        0  sys.o(.text)
    .text                                    0x08002180   Section        0  usart.o(.text)
    .text                                    0x08002408   Section       64  startup_stm32f10x_md.o(.text)
    .text                                    0x08002448   Section        0  stm32f10x_gpio.o(.text)
    .text                                    0x080027a4   Section        0  stm32f10x_rcc.o(.text)
    .text                                    0x08002b48   Section        0  stm32f10x_usart.o(.text)
    .text                                    0x08002f50   Section        0  misc.o(.text)
    .text                                    0x0800302c   Section        0  stm32f10x_exti.o(.text)
    .text                                    0x08003148   Section        0  stm32f10x_pwr.o(.text)
    .text                                    0x08003214   Section        0  stm32f10x_bkp.o(.text)
    .text                                    0x080032d8   Section        0  stm32f10x_rtc.o(.text)
    .text                                    0x08003420   Section        0  stm32f10x_spi.o(.text)
    .text                                    0x0800372c   Section        0  xieyi.o(.text)
    .text                                    0x08003a94   Section        0  xieyi_config.o(.text)
    .text                                    0x08003a9a   Section        2  use_no_semi_2.o(.text)
    .text                                    0x08003a9c   Section        0  noretval__2printf.o(.text)
    .text                                    0x08003ab4   Section        0  __printf.o(.text)
    .text                                    0x08003b1c   Section        0  _printf_dec.o(.text)
    .text                                    0x08003b94   Section        0  _printf_hex_int.o(.text)
    .text                                    0x08003bec   Section        0  heapauxi.o(.text)
    .text                                    0x08003bf2   Section        2  use_no_semi.o(.text)
    .text                                    0x08003bf4   Section        0  _printf_intcommon.o(.text)
    .text                                    0x08003ca8   Section        0  _printf_char_file.o(.text)
    .text                                    0x08003ccc   Section        0  _printf_char_common.o(.text)
    _printf_input_char                       0x08003ccd   Thumb Code    10  _printf_char_common.o(.text)
    .text                                    0x08003cfc   Section        0  ferror.o(.text)
    .text                                    0x08003d04   Section       74  sys_stackheap_outer.o(.text)
    .text                                    0x08003d4e   Section        0  exit.o(.text)
    .text                                    0x08003d5c   Section        8  libspace.o(.text)
    x$fpl$d2f                                0x08003d64   Section       98  d2f.o(x$fpl$d2f)
    x$fpl$dadd                               0x08003dc8   Section      336  daddsub_clz.o(x$fpl$dadd)
    _dadd1                                   0x08003dd9   Thumb Code     0  daddsub_clz.o(x$fpl$dadd)
    x$fpl$dmul                               0x08003f18   Section      340  dmul.o(x$fpl$dmul)
    x$fpl$dnaninf                            0x0800406c   Section      156  dnaninf.o(x$fpl$dnaninf)
    x$fpl$dretinf                            0x08004108   Section       12  dretinf.o(x$fpl$dretinf)
    x$fpl$dsub                               0x08004114   Section      468  daddsub_clz.o(x$fpl$dsub)
    _dsub1                                   0x08004125   Thumb Code     0  daddsub_clz.o(x$fpl$dsub)
    x$fpl$f2d                                0x080042e8   Section       86  f2d.o(x$fpl$f2d)
    x$fpl$ffixu                              0x08004340   Section       62  ffixu.o(x$fpl$ffixu)
    x$fpl$ffltu                              0x08004380   Section       38  fflt_clz.o(x$fpl$ffltu)
    x$fpl$fmul                               0x080043a8   Section      258  fmul.o(x$fpl$fmul)
    x$fpl$fnaninf                            0x080044aa   Section      140  fnaninf.o(x$fpl$fnaninf)
    x$fpl$fretinf                            0x08004536   Section       10  fretinf.o(x$fpl$fretinf)
    .constdata                               0x08004540   Section       24  rtc.o(.constdata)
    x$fpl$usenofp                            0x08004540   Section        0  usenofp.o(x$fpl$usenofp)
    .constdata                               0x08004558   Section       40  _printf_hex_int.o(.constdata)
    uc_hextab                                0x08004558   Data          20  _printf_hex_int.o(.constdata)
    lc_hextab                                0x0800456c   Data          20  _printf_hex_int.o(.constdata)
    .data                                    0x20000000   Section       42  main.o(.data)
    addr                                     0x20000024   Data           4  main.o(.data)
    sanqu                                    0x20000028   Data           2  main.o(.data)
    .data                                    0x2000002c   Section       20  system_stm32f10x.o(.data)
    .data                                    0x20000040   Section        1  key.o(.data)
    .data                                    0x20000042   Section        2  rtc.o(.data)
    daycnt                                   0x20000042   Data           2  rtc.o(.data)
    .data                                    0x20000044   Section        2  flash.o(.data)
    .data                                    0x20000046   Section        2  i2c.o(.data)
    .data                                    0x20000048   Section        8  sht20.o(.data)
    .data                                    0x20000050   Section        4  delay.o(.data)
    fac_us                                   0x20000050   Data           1  delay.o(.data)
    fac_ms                                   0x20000052   Data           2  delay.o(.data)
    .data                                    0x20000054   Section       24  usart.o(.data)
    .data                                    0x2000006c   Section       20  stm32f10x_rcc.o(.data)
    APBAHBPrescTable                         0x2000006c   Data          16  stm32f10x_rcc.o(.data)
    ADCPrescTable                            0x2000007c   Data           4  stm32f10x_rcc.o(.data)
    .data                                    0x20000080   Section        2  xieyi.o(.data)
    i                                        0x20000081   Data           1  xieyi.o(.data)
    .data                                    0x20000084   Section      388  xieyi_config.o(.data)
    .bss                                     0x20000208   Section      339  main.o(.bss)
    .bss                                     0x2000035c   Section       10  rtc.o(.bss)
    .bss                                     0x20000366   Section     4096  flash.o(.bss)
    .bss                                     0x20001366   Section       18  spi.o(.bss)
    .bss                                     0x20001378   Section      400  usart.o(.bss)
    .bss                                     0x20001508   Section       96  libspace.o(.bss)
    HEAP                                     0x20001568   Section      512  startup_stm32f10x_md.o(HEAP)
    Heap_Mem                                 0x20001568   Data         512  startup_stm32f10x_md.o(HEAP)
    STACK                                    0x20001768   Section     1024  startup_stm32f10x_md.o(STACK)
    Stack_Mem                                0x20001768   Data        1024  startup_stm32f10x_md.o(STACK)
    __initial_sp                             0x20001b68   Data           0  startup_stm32f10x_md.o(STACK)

    Global Symbols

    Symbol Name                              Value     Ov Type        Size  Object(Section)

    BuildAttributes$$THM_ISAv4$P$D$K$B$S$PE$A:L22UL41UL21$X:L11$S22US41US21$IEEE1$IW$USESV6$~STKCKD$USESV7$~SHL$OSPACE$ROPI$EBA8$UX$STANDARDLIB$REQ8$PRES8$EABIv2 0x00000000   Number         0  anon$$obj.o ABSOLUTE
    __ARM_use_no_argv                        0x00000000   Number         0  main.o ABSOLUTE
    __ARM_exceptions_init                     - Undefined Weak Reference
    __alloca_initialize                       - Undefined Weak Reference
    __arm_preinit_                            - Undefined Weak Reference
    __cpp_initialize__aeabi_                  - Undefined Weak Reference
    __cxa_finalize                            - Undefined Weak Reference
    __rt_locale                               - Undefined Weak Reference
    __sigvec_lookup                           - Undefined Weak Reference
    _atexit_init                              - Undefined Weak Reference
    _call_atexit_fns                          - Undefined Weak Reference
    _clock_init                               - Undefined Weak Reference
    _fp_trap_init                             - Undefined Weak Reference
    _fp_trap_shutdown                         - Undefined Weak Reference
    _get_lc_collate                           - Undefined Weak Reference
    _get_lc_ctype                             - Undefined Weak Reference
    _get_lc_monetary                          - Undefined Weak Reference
    _get_lc_numeric                           - Undefined Weak Reference
    _get_lc_time                              - Undefined Weak Reference
    _getenv_init                              - Undefined Weak Reference
    _handle_redirection                       - Undefined Weak Reference
    _init_alloc                               - Undefined Weak Reference
    _init_user_alloc                          - Undefined Weak Reference
    _initio                                   - Undefined Weak Reference
    _mutex_acquire                            - Undefined Weak Reference
    _mutex_release                            - Undefined Weak Reference
    _printf_post_padding                      - Undefined Weak Reference
    _printf_pre_padding                       - Undefined Weak Reference
    _printf_truncate_signed                   - Undefined Weak Reference
    _printf_truncate_unsigned                 - Undefined Weak Reference
    _rand_init                                - Undefined Weak Reference
    _signal_finish                            - Undefined Weak Reference
    _signal_init                              - Undefined Weak Reference
    _terminate_alloc                          - Undefined Weak Reference
    _terminate_user_alloc                     - Undefined Weak Reference
    _terminateio                              - Undefined Weak Reference
    __Vectors_Size                           0x000000ec   Number         0  startup_stm32f10x_md.o ABSOLUTE
    __Vectors                                0x08000000   Data           4  startup_stm32f10x_md.o(RESET)
    __Vectors_End                            0x080000ec   Data           0  startup_stm32f10x_md.o(RESET)
    __main                                   0x080000ed   Thumb Code     8  __main.o(!!!main)
    __scatterload                            0x080000f5   Thumb Code     0  __scatter.o(!!!scatter)
    __scatterload_rt2                        0x080000f5   Thumb Code    44  __scatter.o(!!!scatter)
    __scatterload_rt2_thumb_only             0x080000f5   Thumb Code     0  __scatter.o(!!!scatter)
    __scatterload_null                       0x08000103   Thumb Code     0  __scatter.o(!!!scatter)
    __decompress                             0x08000129   Thumb Code    90  __dczerorl2.o(!!dczerorl2)
    __decompress1                            0x08000129   Thumb Code     0  __dczerorl2.o(!!dczerorl2)
    __scatterload_zeroinit                   0x08000185   Thumb Code    28  __scatter_zi.o(!!handler_zi)
    _printf_d                                0x080001a1   Thumb Code     0  _printf_d.o(.ARM.Collect$$_printf_percent$$00000009)
    _printf_percent                          0x080001a1   Thumb Code     0  _printf_percent.o(.ARM.Collect$$_printf_percent$$00000000)
    _printf_x                                0x080001a7   Thumb Code     0  _printf_x.o(.ARM.Collect$$_printf_percent$$0000000C)
    _printf_percent_end                      0x080001ad   Thumb Code     0  _printf_percent_end.o(.ARM.Collect$$_printf_percent$$00000017)
    __rt_lib_init                            0x080001b1   Thumb Code     0  libinit.o(.ARM.Collect$$libinit$$00000000)
    __rt_lib_init_alloca_1                   0x080001b3   Thumb Code     0  libinit2.o(.ARM.Collect$$libinit$$0000002E)
    __rt_lib_init_argv_1                     0x080001b3   Thumb Code     0  libinit2.o(.ARM.Collect$$libinit$$0000002C)
    __rt_lib_init_atexit_1                   0x080001b3   Thumb Code     0  libinit2.o(.ARM.Collect$$libinit$$0000001B)
    __rt_lib_init_clock_1                    0x080001b3   Thumb Code     0  libinit2.o(.ARM.Collect$$libinit$$00000021)
    __rt_lib_init_cpp_1                      0x080001b3   Thumb Code     0  libinit2.o(.ARM.Collect$$libinit$$00000032)
    __rt_lib_init_exceptions_1               0x080001b3   Thumb Code     0  libinit2.o(.ARM.Collect$$libinit$$00000030)
    __rt_lib_init_fp_1                       0x080001b3   Thumb Code     0  libinit2.o(.ARM.Collect$$libinit$$00000002)
    __rt_lib_init_fp_trap_1                  0x080001b3   Thumb Code     0  libinit2.o(.ARM.Collect$$libinit$$0000001F)
    __rt_lib_init_getenv_1                   0x080001b3   Thumb Code     0  libinit2.o(.ARM.Collect$$libinit$$00000023)
    __rt_lib_init_heap_1                     0x080001b3   Thumb Code     0  libinit2.o(.ARM.Collect$$libinit$$0000000A)
    __rt_lib_init_lc_collate_1               0x080001b3   Thumb Code     0  libinit2.o(.ARM.Collect$$libinit$$00000011)
    __rt_lib_init_lc_ctype_1                 0x080001b3   Thumb Code     0  libinit2.o(.ARM.Collect$$libinit$$00000013)
    __rt_lib_init_lc_monetary_1              0x080001b3   Thumb Code     0  libinit2.o(.ARM.Collect$$libinit$$00000015)
    __rt_lib_init_lc_numeric_1               0x080001b3   Thumb Code     0  libinit2.o(.ARM.Collect$$libinit$$00000017)
    __rt_lib_init_lc_time_1                  0x080001b3   Thumb Code     0  libinit2.o(.ARM.Collect$$libinit$$00000019)
    __rt_lib_init_preinit_1                  0x080001b3   Thumb Code     0  libinit2.o(.ARM.Collect$$libinit$$00000004)
    __rt_lib_init_rand_1                     0x080001b3   Thumb Code     0  libinit2.o(.ARM.Collect$$libinit$$0000000E)
    __rt_lib_init_return                     0x080001b3   Thumb Code     0  libinit2.o(.ARM.Collect$$libinit$$00000033)
    __rt_lib_init_signal_1                   0x080001b3   Thumb Code     0  libinit2.o(.ARM.Collect$$libinit$$0000001D)
    __rt_lib_init_stdio_1                    0x080001b3   Thumb Code     0  libinit2.o(.ARM.Collect$$libinit$$00000025)
    __rt_lib_init_user_alloc_1               0x080001b3   Thumb Code     0  libinit2.o(.ARM.Collect$$libinit$$0000000C)
    __rt_lib_shutdown                        0x080001b5   Thumb Code     0  libshutdown.o(.ARM.Collect$$libshutdown$$00000000)
    __rt_lib_shutdown_fp_trap_1              0x080001b7   Thumb Code     0  libshutdown2.o(.ARM.Collect$$libshutdown$$00000006)
    __rt_lib_shutdown_heap_1                 0x080001b7   Thumb Code     0  libshutdown2.o(.ARM.Collect$$libshutdown$$0000000E)
    __rt_lib_shutdown_return                 0x080001b7   Thumb Code     0  libshutdown2.o(.ARM.Collect$$libshutdown$$0000000F)
    __rt_lib_shutdown_signal_1               0x080001b7   Thumb Code     0  libshutdown2.o(.ARM.Collect$$libshutdown$$00000009)
    __rt_lib_shutdown_stdio_1                0x080001b7   Thumb Code     0  libshutdown2.o(.ARM.Collect$$libshutdown$$00000003)
    __rt_lib_shutdown_user_alloc_1           0x080001b7   Thumb Code     0  libshutdown2.o(.ARM.Collect$$libshutdown$$0000000B)
    __rt_entry                               0x080001b9   Thumb Code     0  __rtentry.o(.ARM.Collect$$rtentry$$00000000)
    __rt_entry_presh_1                       0x080001b9   Thumb Code     0  __rtentry2.o(.ARM.Collect$$rtentry$$00000002)
    __rt_entry_sh                            0x080001b9   Thumb Code     0  __rtentry4.o(.ARM.Collect$$rtentry$$00000004)
    __rt_entry_li                            0x080001bf   Thumb Code     0  __rtentry2.o(.ARM.Collect$$rtentry$$0000000A)
    __rt_entry_postsh_1                      0x080001bf   Thumb Code     0  __rtentry2.o(.ARM.Collect$$rtentry$$00000009)
    __rt_entry_main                          0x080001c3   Thumb Code     0  __rtentry2.o(.ARM.Collect$$rtentry$$0000000D)
    __rt_entry_postli_1                      0x080001c3   Thumb Code     0  __rtentry2.o(.ARM.Collect$$rtentry$$0000000C)
    __rt_exit                                0x080001cb   Thumb Code     0  rtexit.o(.ARM.Collect$$rtexit$$00000000)
    __rt_exit_ls                             0x080001cd   Thumb Code     0  rtexit2.o(.ARM.Collect$$rtexit$$00000003)
    __rt_exit_prels_1                        0x080001cd   Thumb Code     0  rtexit2.o(.ARM.Collect$$rtexit$$00000002)
    __rt_exit_exit                           0x080001d1   Thumb Code     0  rtexit2.o(.ARM.Collect$$rtexit$$00000004)
    charASCII                                0x080001d9   Thumb Code    84  main.o(.text)
    F_jisuan                                 0x0800022d   Thumb Code    24  main.o(.text)
    f_page                                   0x08000245   Thumb Code    18  main.o(.text)
    F_NUM                                    0x08000257   Thumb Code    26  main.o(.text)
    F_dbug                                   0x08000271   Thumb Code    64  main.o(.text)
    read_Dbug                                0x080002b1   Thumb Code    54  main.o(.text)
    pin_init                                 0x080002e7   Thumb Code    52  main.o(.text)
    SET_DJJG                                 0x0800031b   Thumb Code    60  main.o(.text)
    read_DJJG                                0x08000357   Thumb Code    54  main.o(.text)
    flash_jczx                               0x0800038d   Thumb Code    40  main.o(.text)
    flash_write                              0x080003b5   Thumb Code   108  main.o(.text)
    flash_read                               0x08000421   Thumb Code    68  main.o(.text)
    Erase_Chip                               0x08000465   Thumb Code    14  main.o(.text)
    write_Chip                               0x08000473   Thumb Code   100  main.o(.text)
    Erase_Sector                             0x080004d7   Thumb Code    26  main.o(.text)
    F_SPI_Flash_PowerDown                    0x080004f1   Thumb Code     8  main.o(.text)
    F_SPI_Flash_WAKEUP                       0x080004f9   Thumb Code     8  main.o(.text)
    Read_Chip                                0x08000501   Thumb Code    94  main.o(.text)
    F_SPI_FLASH_BufferWrite                  0x0800055f   Thumb Code   106  main.o(.text)
    D_write_buf_w                            0x080005c9   Thumb Code   568  main.o(.text)
    sht20_read                               0x08000801   Thumb Code    70  main.o(.text)
    W25Q16_write                             0x08000847   Thumb Code   200  main.o(.text)
    W25Q64_SET_addr                          0x0800090f   Thumb Code    62  main.o(.text)
    read_BKPaddr                             0x0800094d   Thumb Code    54  main.o(.text)
    sht20_Init                               0x08000983   Thumb Code    22  main.o(.text)
    RTC_xwsj                                 0x08000999   Thumb Code    18  main.o(.text)
    IN_STANDBY                               0x080009ab   Thumb Code   130  main.o(.text)
    SET_clock                                0x08000a2d   Thumb Code    26  main.o(.text)
    LY_EXE                                   0x08000a47   Thumb Code    26  main.o(.text)
    main                                     0x08000a61   Thumb Code   542  main.o(.text)
    NMI_Handler                              0x08000cc1   Thumb Code     2  stm32f10x_it.o(.text)
    HardFault_Handler                        0x08000cc3   Thumb Code     4  stm32f10x_it.o(.text)
    MemManage_Handler                        0x08000cc7   Thumb Code     4  stm32f10x_it.o(.text)
    BusFault_Handler                         0x08000ccb   Thumb Code     4  stm32f10x_it.o(.text)
    UsageFault_Handler                       0x08000ccf   Thumb Code     4  stm32f10x_it.o(.text)
    SVC_Handler                              0x08000cd3   Thumb Code     2  stm32f10x_it.o(.text)
    DebugMon_Handler                         0x08000cd5   Thumb Code     2  stm32f10x_it.o(.text)
    PendSV_Handler                           0x08000cd7   Thumb Code     2  stm32f10x_it.o(.text)
    SysTick_Handler                          0x08000cd9   Thumb Code     2  stm32f10x_it.o(.text)
    SystemInit                               0x08000dbb   Thumb Code    78  system_stm32f10x.o(.text)
    SystemCoreClockUpdate                    0x08000e09   Thumb Code   142  system_stm32f10x.o(.text)
    KEY_INT_INIT                             0x08000ebd   Thumb Code    92  key.o(.text)
    EXTI4_IRQHandler                         0x08000f19   Thumb Code    24  key.o(.text)
    RTC_Get_Week                             0x08000f59   Thumb Code   116  rtc.o(.text)
    Is_Leap_Year                             0x08000fcd   Thumb Code    58  rtc.o(.text)
    RTC_Get                                  0x08001007   Thumb Code   240  rtc.o(.text)
    RTC_Set                                  0x080010f7   Thumb Code   188  rtc.o(.text)
    RTC_Init                                 0x080011b3   Thumb Code   254  rtc.o(.text)
    RTC_IRQHandler                           0x080012b1   Thumb Code    40  rtc.o(.text)
    SPI_Flash_ReadID                         0x08001329   Thumb Code    64  flash.o(.text)
    SPI_Flash_Init                           0x08001369   Thumb Code    38  flash.o(.text)
    SPI_Flash_ReadSR                         0x0800138f   Thumb Code    36  flash.o(.text)
    SPI_FLASH_Write_SR                       0x080013b3   Thumb Code    32  flash.o(.text)
    SPI_FLASH_Write_Enable                   0x080013d3   Thumb Code    24  flash.o(.text)
    SPI_FLASH_Write_Disable                  0x080013eb   Thumb Code    24  flash.o(.text)
    SPI_Flash_Read                           0x08001403   Thumb Code    74  flash.o(.text)
    SPI_Flash_Wait_Busy                      0x0800144d   Thumb Code    18  flash.o(.text)
    SPI_Flash_Write_Page                     0x0800145f   Thumb Code   100  flash.o(.text)
    SPI_Flash_Write_NoCheck                  0x080014c3   Thumb Code    70  flash.o(.text)
    SPI_Flash_Erase_Sector                   0x08001509   Thumb Code    64  flash.o(.text)
    SPI_Flash_Write                          0x08001549   Thumb Code   174  flash.o(.text)
    SPI_Flash_Erase_Chip                     0x080015f7   Thumb Code    36  flash.o(.text)
    SPI_Flash_PowerDown                      0x0800161b   Thumb Code    30  flash.o(.text)
    SPI_Flash_WAKEUP                         0x08001639   Thumb Code    30  flash.o(.text)
    SPI_FLASH_BufferWrite                    0x08001657   Thumb Code   312  flash.o(.text)
    SPI1_ReadWriteByte                       0x08001791   Thumb Code    78  spi.o(.text)
    SPI1_Init                                0x080017df   Thumb Code   108  spi.o(.text)
    SPI1_SetSpeed                            0x0800184b   Thumb Code    26  spi.o(.text)
    IIC_SpeedCtl                             0x08001871   Thumb Code     6  i2c.o(.text)
    IIC_Init                                 0x08001877   Thumb Code    46  i2c.o(.text)
    IIC_Start                                0x080018a5   Thumb Code    60  i2c.o(.text)
    IIC_Stop                                 0x080018e1   Thumb Code    60  i2c.o(.text)
    IIC_WaitAck                              0x0800191d   Thumb Code    98  i2c.o(.text)
    IIC_Ack                                  0x0800197f   Thumb Code    60  i2c.o(.text)
    IIC_NAck                                 0x080019bb   Thumb Code    60  i2c.o(.text)
    IIC_SendByte                             0x080019f7   Thumb Code    96  i2c.o(.text)
    IIC_RecvByte                             0x08001a57   Thumb Code    86  i2c.o(.text)
    I2C_WriteByte                            0x08001aad   Thumb Code    92  i2c.o(.text)
    I2C_ReadByte                             0x08001b09   Thumb Code   106  i2c.o(.text)
    I2C_WriteBytes                           0x08001b73   Thumb Code   116  i2c.o(.text)
    I2C_ReadBytes                            0x08001be7   Thumb Code   164  i2c.o(.text)
    SHT20_reset                              0x08001c8d   Thumb Code    14  sht20.o(.text)
    SHT20_read_user_reg                      0x08001c9b   Thumb Code    22  sht20.o(.text)
    SHT2x_CheckCrc                           0x08001cb1   Thumb Code    74  sht20.o(.text)
    SHT2x_CalcTemperatureC                   0x08001cfb   Thumb Code    60  sht20.o(.text)
    SHT2x_CalcRH                             0x08001d37   Thumb Code    60  sht20.o(.text)
    SHT2x_MeasureHM                          0x08001d73   Thumb Code   208  sht20.o(.text)
    SHT20_GetValue                           0x08001e43   Thumb Code   106  sht20.o(.text)
    delay_init                               0x08001ecd   Thumb Code    50  delay.o(.text)
    delay_us                                 0x08001eff   Thumb Code    72  delay.o(.text)
    delay_ms                                 0x08001f47   Thumb Code    72  delay.o(.text)
    WFI_SET                                  0x08001fa1   Thumb Code     4  sys.o(.text)
    INTX_DISABLE                             0x08001fa5   Thumb Code     4  sys.o(.text)
    INTX_ENABLE                              0x08001fa9   Thumb Code     4  sys.o(.text)
    IO_Init                                  0x08001fad   Thumb Code   438  sys.o(.text)
    _sys_exit                                0x08002181   Thumb Code     6  usart.o(.text)
    fputc                                    0x08002187   Thumb Code    24  usart.o(.text)
    USART_init                               0x0800219f   Thumb Code   304  usart.o(.text)
    USART1_IRQHandler                        0x080022cf   Thumb Code   100  usart.o(.text)
    USART2_IRQHandler                        0x08002333   Thumb Code   100  usart.o(.text)
    USART_SendChar                           0x08002397   Thumb Code    20  usart.o(.text)
    USART_SendDat                            0x080023ab   Thumb Code    30  usart.o(.text)
    USART_SendString                         0x080023c9   Thumb Code    26  usart.o(.text)
    Reset_Handler                            0x08002409   Thumb Code     8  startup_stm32f10x_md.o(.text)
    ADC1_2_IRQHandler                        0x08002423   Thumb Code     0  startup_stm32f10x_md.o(.text)
    CAN1_RX1_IRQHandler                      0x08002423   Thumb Code     0  startup_stm32f10x_md.o(.text)
    CAN1_SCE_IRQHandler                      0x08002423   Thumb Code     0  startup_stm32f10x_md.o(.text)
    DMA1_Channel1_IRQHandler                 0x08002423   Thumb Code     0  startup_stm32f10x_md.o(.text)
    DMA1_Channel2_IRQHandler                 0x08002423   Thumb Code     0  startup_stm32f10x_md.o(.text)
    DMA1_Channel3_IRQHandler                 0x08002423   Thumb Code     0  startup_stm32f10x_md.o(.text)
    DMA1_Channel4_IRQHandler                 0x08002423   Thumb Code     0  startup_stm32f10x_md.o(.text)
    DMA1_Channel5_IRQHandler                 0x08002423   Thumb Code     0  startup_stm32f10x_md.o(.text)
    DMA1_Channel6_IRQHandler                 0x08002423   Thumb Code     0  startup_stm32f10x_md.o(.text)
    DMA1_Channel7_IRQHandler                 0x08002423   Thumb Code     0  startup_stm32f10x_md.o(.text)
    EXTI0_IRQHandler                         0x08002423   Thumb Code     0  startup_stm32f10x_md.o(.text)
    EXTI15_10_IRQHandler                     0x08002423   Thumb Code     0  startup_stm32f10x_md.o(.text)
    EXTI1_IRQHandler                         0x08002423   Thumb Code     0  startup_stm32f10x_md.o(.text)
    EXTI2_IRQHandler                         0x08002423   Thumb Code     0  startup_stm32f10x_md.o(.text)
    EXTI3_IRQHandler                         0x08002423   Thumb Code     0  startup_stm32f10x_md.o(.text)
    EXTI9_5_IRQHandler                       0x08002423   Thumb Code     0  startup_stm32f10x_md.o(.text)
    FLASH_IRQHandler                         0x08002423   Thumb Code     0  startup_stm32f10x_md.o(.text)
    I2C1_ER_IRQHandler                       0x08002423   Thumb Code     0  startup_stm32f10x_md.o(.text)
    I2C1_EV_IRQHandler                       0x08002423   Thumb Code     0  startup_stm32f10x_md.o(.text)
    I2C2_ER_IRQHandler                       0x08002423   Thumb Code     0  startup_stm32f10x_md.o(.text)
    I2C2_EV_IRQHandler                       0x08002423   Thumb Code     0  startup_stm32f10x_md.o(.text)
    PVD_IRQHandler                           0x08002423   Thumb Code     0  startup_stm32f10x_md.o(.text)
    RCC_IRQHandler                           0x08002423   Thumb Code     0  startup_stm32f10x_md.o(.text)
    RTCAlarm_IRQHandler                      0x08002423   Thumb Code     0  startup_stm32f10x_md.o(.text)
    SPI1_IRQHandler                          0x08002423   Thumb Code     0  startup_stm32f10x_md.o(.text)
    SPI2_IRQHandler                          0x08002423   Thumb Code     0  startup_stm32f10x_md.o(.text)
    TAMPER_IRQHandler                        0x08002423   Thumb Code     0  startup_stm32f10x_md.o(.text)
    TIM1_BRK_IRQHandler                      0x08002423   Thumb Code     0  startup_stm32f10x_md.o(.text)
    TIM1_CC_IRQHandler                       0x08002423   Thumb Code     0  startup_stm32f10x_md.o(.text)
    TIM1_TRG_COM_IRQHandler                  0x08002423   Thumb Code     0  startup_stm32f10x_md.o(.text)
    TIM1_UP_IRQHandler                       0x08002423   Thumb Code     0  startup_stm32f10x_md.o(.text)
    TIM2_IRQHandler                          0x08002423   Thumb Code     0  startup_stm32f10x_md.o(.text)
    TIM3_IRQHandler                          0x08002423   Thumb Code     0  startup_stm32f10x_md.o(.text)
    TIM4_IRQHandler                          0x08002423   Thumb Code     0  startup_stm32f10x_md.o(.text)
    USART3_IRQHandler                        0x08002423   Thumb Code     0  startup_stm32f10x_md.o(.text)
    USBWakeUp_IRQHandler                     0x08002423   Thumb Code     0  startup_stm32f10x_md.o(.text)
    USB_HP_CAN1_TX_IRQHandler                0x08002423   Thumb Code     0  startup_stm32f10x_md.o(.text)
    USB_LP_CAN1_RX0_IRQHandler               0x08002423   Thumb Code     0  startup_stm32f10x_md.o(.text)
    WWDG_IRQHandler                          0x08002423   Thumb Code     0  startup_stm32f10x_md.o(.text)
    __user_initial_stackheap                 0x08002425   Thumb Code     0  startup_stm32f10x_md.o(.text)
    GPIO_DeInit                              0x08002449   Thumb Code   172  stm32f10x_gpio.o(.text)
    GPIO_AFIODeInit                          0x080024f5   Thumb Code    20  stm32f10x_gpio.o(.text)
    GPIO_Init                                0x08002509   Thumb Code   278  stm32f10x_gpio.o(.text)
    GPIO_StructInit                          0x0800261f   Thumb Code    16  stm32f10x_gpio.o(.text)
    GPIO_ReadInputDataBit                    0x0800262f   Thumb Code    18  stm32f10x_gpio.o(.text)
    GPIO_ReadInputData                       0x08002641   Thumb Code     8  stm32f10x_gpio.o(.text)
    GPIO_ReadOutputDataBit                   0x08002649   Thumb Code    18  stm32f10x_gpio.o(.text)
    GPIO_ReadOutputData                      0x0800265b   Thumb Code     8  stm32f10x_gpio.o(.text)
    GPIO_SetBits                             0x08002663   Thumb Code     4  stm32f10x_gpio.o(.text)
    GPIO_ResetBits                           0x08002667   Thumb Code     4  stm32f10x_gpio.o(.text)
    GPIO_WriteBit                            0x0800266b   Thumb Code    10  stm32f10x_gpio.o(.text)
    GPIO_Write                               0x08002675   Thumb Code     4  stm32f10x_gpio.o(.text)
    GPIO_PinLockConfig                       0x08002679   Thumb Code    18  stm32f10x_gpio.o(.text)
    GPIO_EventOutputConfig                   0x0800268b   Thumb Code    26  stm32f10x_gpio.o(.text)
    GPIO_EventOutputCmd                      0x080026a5   Thumb Code     6  stm32f10x_gpio.o(.text)
    GPIO_PinRemapConfig                      0x080026ab   Thumb Code   138  stm32f10x_gpio.o(.text)
    GPIO_EXTILineConfig                      0x08002735   Thumb Code    66  stm32f10x_gpio.o(.text)
    GPIO_ETH_MediaInterfaceConfig            0x08002777   Thumb Code     8  stm32f10x_gpio.o(.text)
    RCC_DeInit                               0x080027a5   Thumb Code    64  stm32f10x_rcc.o(.text)
    RCC_HSEConfig                            0x080027e5   Thumb Code    70  stm32f10x_rcc.o(.text)
    RCC_GetFlagStatus                        0x0800282b   Thumb Code    56  stm32f10x_rcc.o(.text)
    RCC_WaitForHSEStartUp                    0x08002863   Thumb Code    56  stm32f10x_rcc.o(.text)
    RCC_AdjustHSICalibrationValue            0x0800289b   Thumb Code    20  stm32f10x_rcc.o(.text)
    RCC_HSICmd                               0x080028af   Thumb Code     6  stm32f10x_rcc.o(.text)
    RCC_PLLConfig                            0x080028b5   Thumb Code    24  stm32f10x_rcc.o(.text)
    RCC_PLLCmd                               0x080028cd   Thumb Code     6  stm32f10x_rcc.o(.text)
    RCC_SYSCLKConfig                         0x080028d3   Thumb Code    18  stm32f10x_rcc.o(.text)
    RCC_GetSYSCLKSource                      0x080028e5   Thumb Code    10  stm32f10x_rcc.o(.text)
    RCC_HCLKConfig                           0x080028ef   Thumb Code    18  stm32f10x_rcc.o(.text)
    RCC_PCLK1Config                          0x08002901   Thumb Code    18  stm32f10x_rcc.o(.text)
    RCC_PCLK2Config                          0x08002913   Thumb Code    20  stm32f10x_rcc.o(.text)
    RCC_ITConfig                             0x08002927   Thumb Code    26  stm32f10x_rcc.o(.text)
    RCC_USBCLKConfig                         0x08002941   Thumb Code     8  stm32f10x_rcc.o(.text)
    RCC_ADCCLKConfig                         0x08002949   Thumb Code    18  stm32f10x_rcc.o(.text)
    RCC_LSEConfig                            0x0800295b   Thumb Code    50  stm32f10x_rcc.o(.text)
    RCC_LSICmd                               0x0800298d   Thumb Code     6  stm32f10x_rcc.o(.text)
    RCC_RTCCLKConfig                         0x08002993   Thumb Code    12  stm32f10x_rcc.o(.text)
    RCC_RTCCLKCmd                            0x0800299f   Thumb Code     8  stm32f10x_rcc.o(.text)
    RCC_GetClocksFreq                        0x080029a7   Thumb Code   192  stm32f10x_rcc.o(.text)
    RCC_AHBPeriphClockCmd                    0x08002a67   Thumb Code    26  stm32f10x_rcc.o(.text)
    RCC_APB2PeriphClockCmd                   0x08002a81   Thumb Code    26  stm32f10x_rcc.o(.text)
    RCC_APB1PeriphClockCmd                   0x08002a9b   Thumb Code    26  stm32f10x_rcc.o(.text)
    RCC_APB2PeriphResetCmd                   0x08002ab5   Thumb Code    26  stm32f10x_rcc.o(.text)
    RCC_APB1PeriphResetCmd                   0x08002acf   Thumb Code    26  stm32f10x_rcc.o(.text)
    RCC_BackupResetCmd                       0x08002ae9   Thumb Code     8  stm32f10x_rcc.o(.text)
    RCC_ClockSecuritySystemCmd               0x08002af1   Thumb Code     6  stm32f10x_rcc.o(.text)
    RCC_MCOConfig                            0x08002af7   Thumb Code     6  stm32f10x_rcc.o(.text)
    RCC_ClearFlag                            0x08002afd   Thumb Code    14  stm32f10x_rcc.o(.text)
    RCC_GetITStatus                          0x08002b0b   Thumb Code    20  stm32f10x_rcc.o(.text)
    RCC_ClearITPendingBit                    0x08002b1f   Thumb Code     6  stm32f10x_rcc.o(.text)
    USART_DeInit                             0x08002b49   Thumb Code   134  stm32f10x_usart.o(.text)
    USART_Init                               0x08002bcf   Thumb Code   210  stm32f10x_usart.o(.text)
    USART_StructInit                         0x08002ca1   Thumb Code    24  stm32f10x_usart.o(.text)
    USART_ClockInit                          0x08002cb9   Thumb Code    34  stm32f10x_usart.o(.text)
    USART_ClockStructInit                    0x08002cdb   Thumb Code    12  stm32f10x_usart.o(.text)
    USART_Cmd                                0x08002ce7   Thumb Code    24  stm32f10x_usart.o(.text)
    USART_ITConfig                           0x08002cff   Thumb Code    74  stm32f10x_usart.o(.text)
    USART_DMACmd                             0x08002d49   Thumb Code    18  stm32f10x_usart.o(.text)
    USART_SetAddress                         0x08002d5b   Thumb Code    18  stm32f10x_usart.o(.text)
    USART_WakeUpConfig                       0x08002d6d   Thumb Code    18  stm32f10x_usart.o(.text)
    USART_ReceiverWakeUpCmd                  0x08002d7f   Thumb Code    24  stm32f10x_usart.o(.text)
    USART_LINBreakDetectLengthConfig         0x08002d97   Thumb Code    18  stm32f10x_usart.o(.text)
    USART_LINCmd                             0x08002da9   Thumb Code    24  stm32f10x_usart.o(.text)
    USART_SendData                           0x08002dc1   Thumb Code     8  stm32f10x_usart.o(.text)
    USART_ReceiveData                        0x08002dc9   Thumb Code    10  stm32f10x_usart.o(.text)
    USART_SendBreak                          0x08002dd3   Thumb Code    10  stm32f10x_usart.o(.text)
    USART_SetGuardTime                       0x08002ddd   Thumb Code    16  stm32f10x_usart.o(.text)
    USART_SetPrescaler                       0x08002ded   Thumb Code    16  stm32f10x_usart.o(.text)
    USART_SmartCardCmd                       0x08002dfd   Thumb Code    24  stm32f10x_usart.o(.text)
    USART_SmartCardNACKCmd                   0x08002e15   Thumb Code    24  stm32f10x_usart.o(.text)
    USART_HalfDuplexCmd                      0x08002e2d   Thumb Code    24  stm32f10x_usart.o(.text)
    USART_OverSampling8Cmd                   0x08002e45   Thumb Code    22  stm32f10x_usart.o(.text)
    USART_OneBitMethodCmd                    0x08002e5b   Thumb Code    24  stm32f10x_usart.o(.text)
    USART_IrDAConfig                         0x08002e73   Thumb Code    18  stm32f10x_usart.o(.text)
    USART_IrDACmd                            0x08002e85   Thumb Code    24  stm32f10x_usart.o(.text)
    USART_GetFlagStatus                      0x08002e9d   Thumb Code    26  stm32f10x_usart.o(.text)
    USART_ClearFlag                          0x08002eb7   Thumb Code    18  stm32f10x_usart.o(.text)
    USART_GetITStatus                        0x08002ec9   Thumb Code    84  stm32f10x_usart.o(.text)
    USART_ClearITPendingBit                  0x08002f1d   Thumb Code    52  stm32f10x_usart.o(.text)
    NVIC_PriorityGroupConfig                 0x08002f51   Thumb Code    10  misc.o(.text)
    NVIC_Init                                0x08002f5b   Thumb Code   100  misc.o(.text)
    NVIC_SetVectorTable                      0x08002fbf   Thumb Code    14  misc.o(.text)
    NVIC_SystemLPConfig                      0x08002fcd   Thumb Code    34  misc.o(.text)
    SysTick_CLKSourceConfig                  0x08002fef   Thumb Code    40  misc.o(.text)
    EXTI_DeInit                              0x0800302d   Thumb Code    28  stm32f10x_exti.o(.text)
    EXTI_Init                                0x08003049   Thumb Code   142  stm32f10x_exti.o(.text)
    EXTI_StructInit                          0x080030d7   Thumb Code    16  stm32f10x_exti.o(.text)
    EXTI_GenerateSWInterrupt                 0x080030e7   Thumb Code    16  stm32f10x_exti.o(.text)
    EXTI_GetFlagStatus                       0x080030f7   Thumb Code    22  stm32f10x_exti.o(.text)
    EXTI_ClearFlag                           0x0800310d   Thumb Code     8  stm32f10x_exti.o(.text)
    EXTI_GetITStatus                         0x08003115   Thumb Code    34  stm32f10x_exti.o(.text)
    EXTI_ClearITPendingBit                   0x08003137   Thumb Code     8  stm32f10x_exti.o(.text)
    PWR_DeInit                               0x08003149   Thumb Code    22  stm32f10x_pwr.o(.text)
    PWR_BackupAccessCmd                      0x0800315f   Thumb Code     6  stm32f10x_pwr.o(.text)
    PWR_PVDCmd                               0x08003165   Thumb Code     6  stm32f10x_pwr.o(.text)
    PWR_PVDLevelConfig                       0x0800316b   Thumb Code    18  stm32f10x_pwr.o(.text)
    PWR_WakeUpPinCmd                         0x0800317d   Thumb Code     8  stm32f10x_pwr.o(.text)
    PWR_EnterSTOPMode                        0x08003185   Thumb Code    54  stm32f10x_pwr.o(.text)
    PWR_EnterSTANDBYMode                     0x080031bb   Thumb Code    42  stm32f10x_pwr.o(.text)
    PWR_GetFlagStatus                        0x080031e5   Thumb Code    20  stm32f10x_pwr.o(.text)
    PWR_ClearFlag                            0x080031f9   Thumb Code    14  stm32f10x_pwr.o(.text)
    BKP_DeInit                               0x08003215   Thumb Code    16  stm32f10x_bkp.o(.text)
    BKP_TamperPinLevelConfig                 0x08003225   Thumb Code     6  stm32f10x_bkp.o(.text)
    BKP_TamperPinCmd                         0x0800322b   Thumb Code     8  stm32f10x_bkp.o(.text)
    BKP_ITConfig                             0x08003233   Thumb Code     8  stm32f10x_bkp.o(.text)
    BKP_RTCOutputConfig                      0x0800323b   Thumb Code    22  stm32f10x_bkp.o(.text)
    BKP_SetRTCCalibrationValue               0x08003251   Thumb Code    22  stm32f10x_bkp.o(.text)
    BKP_WriteBackupRegister                  0x08003267   Thumb Code    24  stm32f10x_bkp.o(.text)
    BKP_ReadBackupRegister                   0x0800327f   Thumb Code    26  stm32f10x_bkp.o(.text)
    BKP_GetFlagStatus                        0x08003299   Thumb Code    10  stm32f10x_bkp.o(.text)
    BKP_ClearFlag                            0x080032a3   Thumb Code    18  stm32f10x_bkp.o(.text)
    BKP_GetITStatus                          0x080032b5   Thumb Code    10  stm32f10x_bkp.o(.text)
    BKP_ClearITPendingBit                    0x080032bf   Thumb Code    18  stm32f10x_bkp.o(.text)
    RTC_ITConfig                             0x080032d9   Thumb Code    26  stm32f10x_rtc.o(.text)
    RTC_EnterConfigMode                      0x080032f3   Thumb Code    18  stm32f10x_rtc.o(.text)
    RTC_ExitConfigMode                       0x08003305   Thumb Code    20  stm32f10x_rtc.o(.text)
    RTC_GetCounter                           0x08003319   Thumb Code    18  stm32f10x_rtc.o(.text)
    RTC_SetCounter                           0x0800332b   Thumb Code    26  stm32f10x_rtc.o(.text)
    RTC_SetPrescaler                         0x08003345   Thumb Code    28  stm32f10x_rtc.o(.text)
    RTC_SetAlarm                             0x08003361   Thumb Code    26  stm32f10x_rtc.o(.text)
    RTC_GetDivider                           0x0800337b   Thumb Code    22  stm32f10x_rtc.o(.text)
    RTC_WaitForLastTask                      0x08003391   Thumb Code    18  stm32f10x_rtc.o(.text)
    RTC_WaitForSynchro                       0x080033a3   Thumb Code    36  stm32f10x_rtc.o(.text)
    RTC_GetFlagStatus                        0x080033c7   Thumb Code    22  stm32f10x_rtc.o(.text)
    RTC_ClearFlag                            0x080033dd   Thumb Code    16  stm32f10x_rtc.o(.text)
    RTC_GetITStatus                          0x080033ed   Thumb Code    32  stm32f10x_rtc.o(.text)
    RTC_ClearITPendingBit                    0x0800340d   Thumb Code    16  stm32f10x_rtc.o(.text)
    SPI_I2S_DeInit                           0x08003421   Thumb Code    76  stm32f10x_spi.o(.text)
    SPI_Init                                 0x0800346d   Thumb Code    60  stm32f10x_spi.o(.text)
    I2S_Init                                 0x080034a9   Thumb Code   226  stm32f10x_spi.o(.text)
    SPI_StructInit                           0x0800358b   Thumb Code    24  stm32f10x_spi.o(.text)
    I2S_StructInit                           0x080035a3   Thumb Code    20  stm32f10x_spi.o(.text)
    SPI_Cmd                                  0x080035b7   Thumb Code    24  stm32f10x_spi.o(.text)
    I2S_Cmd                                  0x080035cf   Thumb Code    24  stm32f10x_spi.o(.text)
    SPI_I2S_ITConfig                         0x080035e7   Thumb Code    32  stm32f10x_spi.o(.text)
    SPI_I2S_DMACmd                           0x08003607   Thumb Code    18  stm32f10x_spi.o(.text)
    SPI_I2S_SendData                         0x08003619   Thumb Code     4  stm32f10x_spi.o(.text)
    SPI_I2S_ReceiveData                      0x0800361d   Thumb Code     6  stm32f10x_spi.o(.text)
    SPI_NSSInternalSoftwareConfig            0x08003623   Thumb Code    30  stm32f10x_spi.o(.text)
    SPI_SSOutputCmd                          0x08003641   Thumb Code    24  stm32f10x_spi.o(.text)
    SPI_DataSizeConfig                       0x08003659   Thumb Code    18  stm32f10x_spi.o(.text)
    SPI_TransmitCRC                          0x0800366b   Thumb Code    10  stm32f10x_spi.o(.text)
    SPI_CalculateCRC                         0x08003675   Thumb Code    24  stm32f10x_spi.o(.text)
    SPI_GetCRC                               0x0800368d   Thumb Code    16  stm32f10x_spi.o(.text)
    SPI_GetCRCPolynomial                     0x0800369d   Thumb Code     6  stm32f10x_spi.o(.text)
    SPI_BiDirectionalLineConfig              0x080036a3   Thumb Code    28  stm32f10x_spi.o(.text)
    SPI_I2S_GetFlagStatus                    0x080036bf   Thumb Code    18  stm32f10x_spi.o(.text)
    SPI_I2S_ClearFlag                        0x080036d1   Thumb Code     6  stm32f10x_spi.o(.text)
    SPI_I2S_GetITStatus                      0x080036d7   Thumb Code    52  stm32f10x_spi.o(.text)
    SPI_I2S_ClearITPendingBit                0x0800370b   Thumb Code    20  stm32f10x_spi.o(.text)
    exe                                      0x0800372d   Thumb Code   246  xieyi.o(.text)
    get_fun_ID                               0x08003823   Thumb Code    44  xieyi.o(.text)
    get_fun_par_gslx                         0x0800384f   Thumb Code   150  xieyi.o(.text)
    get_fun_par                              0x080038e5   Thumb Code    34  xieyi.o(.text)
    yiwei1                                   0x08003907   Thumb Code    24  xieyi.o(.text)
    yiwei2                                   0x0800391f   Thumb Code    36  xieyi.o(.text)
    yiwei4                                   0x08003943   Thumb Code    48  xieyi.o(.text)
    get_uart_par                             0x08003973   Thumb Code   114  xieyi.o(.text)
    xieyi_scan                               0x080039e5   Thumb Code   114  xieyi.o(.text)
    init_xieyi                               0x08003a95   Thumb Code     6  xieyi_config.o(.text)
    __use_no_semihosting                     0x08003a9b   Thumb Code     2  use_no_semi_2.o(.text)
    __2printf                                0x08003a9d   Thumb Code    20  noretval__2printf.o(.text)
    __printf                                 0x08003ab5   Thumb Code   104  __printf.o(.text)
    _printf_int_dec                          0x08003b1d   Thumb Code   104  _printf_dec.o(.text)
    _printf_int_hex                          0x08003b95   Thumb Code    84  _printf_hex_int.o(.text)
    _printf_longlong_hex                     0x08003b95   Thumb Code     0  _printf_hex_int.o(.text)
    __use_two_region_memory                  0x08003bed   Thumb Code     2  heapauxi.o(.text)
    __rt_heap_escrow$2region                 0x08003bef   Thumb Code     2  heapauxi.o(.text)
    __rt_heap_expand$2region                 0x08003bf1   Thumb Code     2  heapauxi.o(.text)
    __I$use$semihosting                      0x08003bf3   Thumb Code     0  use_no_semi.o(.text)
    __use_no_semihosting_swi                 0x08003bf3   Thumb Code     2  use_no_semi.o(.text)
    _printf_int_common                       0x08003bf5   Thumb Code   178  _printf_intcommon.o(.text)
    _printf_char_file                        0x08003ca9   Thumb Code    32  _printf_char_file.o(.text)
    _printf_char_common                      0x08003cd7   Thumb Code    32  _printf_char_common.o(.text)
    ferror                                   0x08003cfd   Thumb Code     8  ferror.o(.text)
    __user_setup_stackheap                   0x08003d05   Thumb Code    74  sys_stackheap_outer.o(.text)
    exit                                     0x08003d4f   Thumb Code    12  exit.o(.text)
    __user_libspace                          0x08003d5d   Thumb Code     8  libspace.o(.text)
    __user_perproc_libspace                  0x08003d5d   Thumb Code     0  libspace.o(.text)
    __user_perthread_libspace                0x08003d5d   Thumb Code     0  libspace.o(.text)
    __aeabi_d2f                              0x08003d65   Thumb Code     0  d2f.o(x$fpl$d2f)
    _d2f                                     0x08003d65   Thumb Code    98  d2f.o(x$fpl$d2f)
    __aeabi_dadd                             0x08003dc9   Thumb Code     0  daddsub_clz.o(x$fpl$dadd)
    _dadd                                    0x08003dc9   Thumb Code   332  daddsub_clz.o(x$fpl$dadd)
    __aeabi_dmul                             0x08003f19   Thumb Code     0  dmul.o(x$fpl$dmul)
    _dmul                                    0x08003f19   Thumb Code   332  dmul.o(x$fpl$dmul)
    __fpl_dnaninf                            0x0800406d   Thumb Code   156  dnaninf.o(x$fpl$dnaninf)
    __fpl_dretinf                            0x08004109   Thumb Code    12  dretinf.o(x$fpl$dretinf)
    __aeabi_dsub                             0x08004115   Thumb Code     0  daddsub_clz.o(x$fpl$dsub)
    _dsub                                    0x08004115   Thumb Code   464  daddsub_clz.o(x$fpl$dsub)
    __aeabi_f2d                              0x080042e9   Thumb Code     0  f2d.o(x$fpl$f2d)
    _f2d                                     0x080042e9   Thumb Code    86  f2d.o(x$fpl$f2d)
    __aeabi_f2uiz                            0x08004341   Thumb Code     0  ffixu.o(x$fpl$ffixu)
    _ffixu                                   0x08004341   Thumb Code    62  ffixu.o(x$fpl$ffixu)
    __aeabi_ui2f                             0x08004381   Thumb Code     0  fflt_clz.o(x$fpl$ffltu)
    _ffltu                                   0x08004381   Thumb Code    38  fflt_clz.o(x$fpl$ffltu)
    __aeabi_fmul                             0x080043a9   Thumb Code     0  fmul.o(x$fpl$fmul)
    _fmul                                    0x080043a9   Thumb Code   258  fmul.o(x$fpl$fmul)
    __fpl_fnaninf                            0x080044ab   Thumb Code   140  fnaninf.o(x$fpl$fnaninf)
    __fpl_fretinf                            0x08004537   Thumb Code    10  fretinf.o(x$fpl$fretinf)
    __I$use$fp                               0x08004540   Number         0  usenofp.o(x$fpl$usenofp)
    table_week                               0x08004540   Data          12  rtc.o(.constdata)
    mon_table                                0x0800454c   Data          12  rtc.o(.constdata)
    Region$$Table$$Base                      0x08004580   Number         0  anon$$obj.o(Region$$Table)
    Region$$Table$$Limit                     0x080045a0   Number         0  anon$$obj.o(Region$$Table)
    temp                                     0x20000000   Data           2  main.o(.data)
    hum                                      0x20000002   Data           2  main.o(.data)
    abc                                      0x20000004   Data           2  main.o(.data)
    cmd                                      0x20000006   Data           6  main.o(.data)
    dbug                                     0x2000000c   Data           1  main.o(.data)
    LYID                                     0x2000000d   Data           1  main.o(.data)
    write_buf                                0x2000000e   Data           8  main.o(.data)
    Read_Buf                                 0x20000016   Data           8  main.o(.data)
    DJJG                                     0x2000001e   Data           1  main.o(.data)
    addr                                     0x20000020   Data           4  main.o(.data)
    SystemCoreClock                          0x2000002c   Data           4  system_stm32f10x.o(.data)
    AHBPrescTable                            0x20000030   Data          16  system_stm32f10x.o(.data)
    INT_MARK                                 0x20000040   Data           1  key.o(.data)
    SPI_FLASH_TYPE                           0x20000044   Data           2  flash.o(.data)
    iic_info                                 0x20000046   Data           2  i2c.o(.data)
    sht20_info                               0x20000048   Data           8  sht20.o(.data)
    __stdout                                 0x20000054   Data           4  usart.o(.data)
    Usart1_set                               0x20000058   Data           8  usart.o(.data)
    Usart2_set                               0x20000060   Data           8  usart.o(.data)
    USART1_RX_STA                            0x20000068   Data           2  usart.o(.data)
    USART2_RX_STA                            0x2000006a   Data           2  usart.o(.data)
    CMD_NUM                                  0x20000080   Data           1  xieyi.o(.data)
    name_tab                                 0x20000084   Data         336  xieyi_config.o(.data)
    M_name_par                               0x200001d4   Data          52  xieyi_config.o(.data)
    ramin                                    0x20000208   Data         256  main.o(.bss)
    usart1_buf                               0x20000308   Data          11  main.o(.bss)
    rec_buf                                  0x20000313   Data          72  main.o(.bss)
    calendar                                 0x2000035c   Data          10  rtc.o(.bss)
    SPI_FLASH_BUF                            0x20000366   Data        4096  flash.o(.bss)
    SPI_InitStructure                        0x20001366   Data          18  spi.o(.bss)
    USART1_RX_BUF                            0x20001378   Data         200  usart.o(.bss)
    USART2_RX_BUF                            0x20001440   Data         200  usart.o(.bss)
    __libspace_start                         0x20001508   Data          96  libspace.o(.bss)
    __temporary_stack_top$libspace           0x20001568   Data           0  libspace.o(.bss)



==============================================================================

Memory Map of the image

  Image Entry point : 0x080000ed

  Load Region LR_IROM1 (Base: 0x08000000, Size: 0x000047a8, Max: 0x00010000, ABSOLUTE, COMPRESSED[0x00004678])

    Execution Region ER_IROM1 (Base: 0x08000000, Size: 0x000045a0, Max: 0x00010000, ABSOLUTE)

    Base Addr    Size         Type   Attr      Idx    E Section Name        Object

    0x08000000   0x000000ec   Data   RO          380    RESET               startup_stm32f10x_md.o
    0x080000ec   0x00000008   Code   RO          598  * !!!main             c_w.l(__main.o)
    0x080000f4   0x00000034   Code   RO          800    !!!scatter          c_w.l(__scatter.o)
    0x08000128   0x0000005a   Code   RO          798    !!dczerorl2         c_w.l(__dczerorl2.o)
    0x08000182   0x00000002   PAD
    0x08000184   0x0000001c   Code   RO          802    !!handler_zi        c_w.l(__scatter_zi.o)
    0x080001a0   0x00000000   Code   RO          595    .ARM.Collect$$_printf_percent$$00000000  c_w.l(_printf_percent.o)
    0x080001a0   0x00000006   Code   RO          594    .ARM.Collect$$_printf_percent$$00000009  c_w.l(_printf_d.o)
    0x080001a6   0x00000006   Code   RO          593    .ARM.Collect$$_printf_percent$$0000000C  c_w.l(_printf_x.o)
    0x080001ac   0x00000004   Code   RO          631    .ARM.Collect$$_printf_percent$$00000017  c_w.l(_printf_percent_end.o)
    0x080001b0   0x00000002   Code   RO          673    .ARM.Collect$$libinit$$00000000  c_w.l(libinit.o)
    0x080001b2   0x00000000   Code   RO          680    .ARM.Collect$$libinit$$00000002  c_w.l(libinit2.o)
    0x080001b2   0x00000000   Code   RO          682    .ARM.Collect$$libinit$$00000004  c_w.l(libinit2.o)
    0x080001b2   0x00000000   Code   RO          685    .ARM.Collect$$libinit$$0000000A  c_w.l(libinit2.o)
    0x080001b2   0x00000000   Code   RO          687    .ARM.Collect$$libinit$$0000000C  c_w.l(libinit2.o)
    0x080001b2   0x00000000   Code   RO          689    .ARM.Collect$$libinit$$0000000E  c_w.l(libinit2.o)
    0x080001b2   0x00000000   Code   RO          692    .ARM.Collect$$libinit$$00000011  c_w.l(libinit2.o)
    0x080001b2   0x00000000   Code   RO          694    .ARM.Collect$$libinit$$00000013  c_w.l(libinit2.o)
    0x080001b2   0x00000000   Code   RO          696    .ARM.Collect$$libinit$$00000015  c_w.l(libinit2.o)
    0x080001b2   0x00000000   Code   RO          698    .ARM.Collect$$libinit$$00000017  c_w.l(libinit2.o)
    0x080001b2   0x00000000   Code   RO          700    .ARM.Collect$$libinit$$00000019  c_w.l(libinit2.o)
    0x080001b2   0x00000000   Code   RO          702    .ARM.Collect$$libinit$$0000001B  c_w.l(libinit2.o)
    0x080001b2   0x00000000   Code   RO          704    .ARM.Collect$$libinit$$0000001D  c_w.l(libinit2.o)
    0x080001b2   0x00000000   Code   RO          706    .ARM.Collect$$libinit$$0000001F  c_w.l(libinit2.o)
    0x080001b2   0x00000000   Code   RO          708    .ARM.Collect$$libinit$$00000021  c_w.l(libinit2.o)
    0x080001b2   0x00000000   Code   RO          710    .ARM.Collect$$libinit$$00000023  c_w.l(libinit2.o)
    0x080001b2   0x00000000   Code   RO          712    .ARM.Collect$$libinit$$00000025  c_w.l(libinit2.o)
    0x080001b2   0x00000000   Code   RO          716    .ARM.Collect$$libinit$$0000002C  c_w.l(libinit2.o)
    0x080001b2   0x00000000   Code   RO          718    .ARM.Collect$$libinit$$0000002E  c_w.l(libinit2.o)
    0x080001b2   0x00000000   Code   RO          720    .ARM.Collect$$libinit$$00000030  c_w.l(libinit2.o)
    0x080001b2   0x00000000   Code   RO          722    .ARM.Collect$$libinit$$00000032  c_w.l(libinit2.o)
    0x080001b2   0x00000002   Code   RO          723    .ARM.Collect$$libinit$$00000033  c_w.l(libinit2.o)
    0x080001b4   0x00000002   Code   RO          741    .ARM.Collect$$libshutdown$$00000000  c_w.l(libshutdown.o)
    0x080001b6   0x00000000   Code   RO          752    .ARM.Collect$$libshutdown$$00000003  c_w.l(libshutdown2.o)
    0x080001b6   0x00000000   Code   RO          755    .ARM.Collect$$libshutdown$$00000006  c_w.l(libshutdown2.o)
    0x080001b6   0x00000000   Code   RO          758    .ARM.Collect$$libshutdown$$00000009  c_w.l(libshutdown2.o)
    0x080001b6   0x00000000   Code   RO          760    .ARM.Collect$$libshutdown$$0000000B  c_w.l(libshutdown2.o)
    0x080001b6   0x00000000   Code   RO          763    .ARM.Collect$$libshutdown$$0000000E  c_w.l(libshutdown2.o)
    0x080001b6   0x00000002   Code   RO          764    .ARM.Collect$$libshutdown$$0000000F  c_w.l(libshutdown2.o)
    0x080001b8   0x00000000   Code   RO          626    .ARM.Collect$$rtentry$$00000000  c_w.l(__rtentry.o)
    0x080001b8   0x00000000   Code   RO          642    .ARM.Collect$$rtentry$$00000002  c_w.l(__rtentry2.o)
    0x080001b8   0x00000006   Code   RO          654    .ARM.Collect$$rtentry$$00000004  c_w.l(__rtentry4.o)
    0x080001be   0x00000000   Code   RO          644    .ARM.Collect$$rtentry$$00000009  c_w.l(__rtentry2.o)
    0x080001be   0x00000004   Code   RO          645    .ARM.Collect$$rtentry$$0000000A  c_w.l(__rtentry2.o)
    0x080001c2   0x00000000   Code   RO          647    .ARM.Collect$$rtentry$$0000000C  c_w.l(__rtentry2.o)
    0x080001c2   0x00000008   Code   RO          648    .ARM.Collect$$rtentry$$0000000D  c_w.l(__rtentry2.o)
    0x080001ca   0x00000002   Code   RO          677    .ARM.Collect$$rtexit$$00000000  c_w.l(rtexit.o)
    0x080001cc   0x00000000   Code   RO          725    .ARM.Collect$$rtexit$$00000002  c_w.l(rtexit2.o)
    0x080001cc   0x00000004   Code   RO          726    .ARM.Collect$$rtexit$$00000003  c_w.l(rtexit2.o)
    0x080001d0   0x00000006   Code   RO          727    .ARM.Collect$$rtexit$$00000004  c_w.l(rtexit2.o)
    0x080001d6   0x00000002   PAD
    0x080001d8   0x00000ae8   Code   RO            1    .text               main.o
    0x08000cc0   0x0000001a   Code   RO          146    .text               stm32f10x_it.o
    0x08000cda   0x00000002   PAD
    0x08000cdc   0x000001e0   Code   RO          187    .text               system_stm32f10x.o
    0x08000ebc   0x0000007c   Code   RO          205    .text               key.o
    0x08000f38   0x000003f0   Code   RO          223    .text               rtc.o
    0x08001328   0x00000466   Code   RO          243    .text               flash.o
    0x0800178e   0x00000002   PAD
    0x08001790   0x000000e0   Code   RO          262    .text               spi.o
    0x08001870   0x0000041a   Code   RO          277    .text               i2c.o
    0x08001c8a   0x00000002   PAD
    0x08001c8c   0x00000240   Code   RO          295    .text               sht20.o
    0x08001ecc   0x000000d4   Code   RO          314    .text               delay.o
    0x08001fa0   0x000001e0   Code   RO          329    .text               sys.o
    0x08002180   0x00000288   Code   RO          345    .text               usart.o
    0x08002408   0x00000040   Code   RO          381    .text               startup_stm32f10x_md.o
    0x08002448   0x0000035c   Code   RO          385    .text               stm32f10x_gpio.o
    0x080027a4   0x000003a4   Code   RO          397    .text               stm32f10x_rcc.o
    0x08002b48   0x00000408   Code   RO          411    .text               stm32f10x_usart.o
    0x08002f50   0x000000dc   Code   RO          423    .text               misc.o
    0x0800302c   0x0000011c   Code   RO          435    .text               stm32f10x_exti.o
    0x08003148   0x000000cc   Code   RO          447    .text               stm32f10x_pwr.o
    0x08003214   0x000000c4   Code   RO          471    .text               stm32f10x_bkp.o
    0x080032d8   0x00000148   Code   RO          483    .text               stm32f10x_rtc.o
    0x08003420   0x0000030c   Code   RO          495    .text               stm32f10x_spi.o
    0x0800372c   0x00000368   Code   RO          507    .text               xieyi.o
    0x08003a94   0x00000006   Code   RO          522    .text               xieyi_config.o
    0x08003a9a   0x00000002   Code   RO          542    .text               c_w.l(use_no_semi_2.o)
    0x08003a9c   0x00000018   Code   RO          546    .text               c_w.l(noretval__2printf.o)
    0x08003ab4   0x00000068   Code   RO          548    .text               c_w.l(__printf.o)
    0x08003b1c   0x00000078   Code   RO          550    .text               c_w.l(_printf_dec.o)
    0x08003b94   0x00000058   Code   RO          555    .text               c_w.l(_printf_hex_int.o)
    0x08003bec   0x00000006   Code   RO          596    .text               c_w.l(heapauxi.o)
    0x08003bf2   0x00000002   Code   RO          624    .text               c_w.l(use_no_semi.o)
    0x08003bf4   0x000000b2   Code   RO          627    .text               c_w.l(_printf_intcommon.o)
    0x08003ca6   0x00000002   PAD
    0x08003ca8   0x00000024   Code   RO          629    .text               c_w.l(_printf_char_file.o)
    0x08003ccc   0x00000030   Code   RO          656    .text               c_w.l(_printf_char_common.o)
    0x08003cfc   0x00000008   Code   RO          658    .text               c_w.l(ferror.o)
    0x08003d04   0x0000004a   Code   RO          662    .text               c_w.l(sys_stackheap_outer.o)
    0x08003d4e   0x0000000c   Code   RO          666    .text               c_w.l(exit.o)
    0x08003d5a   0x00000002   PAD
    0x08003d5c   0x00000008   Code   RO          674    .text               c_w.l(libspace.o)
    0x08003d64   0x00000062   Code   RO          600    x$fpl$d2f           fz_ws.l(d2f.o)
    0x08003dc6   0x00000002   PAD
    0x08003dc8   0x00000150   Code   RO          602    x$fpl$dadd          fz_ws.l(daddsub_clz.o)
    0x08003f18   0x00000154   Code   RO          608    x$fpl$dmul          fz_ws.l(dmul.o)
    0x0800406c   0x0000009c   Code   RO          632    x$fpl$dnaninf       fz_ws.l(dnaninf.o)
    0x08004108   0x0000000c   Code   RO          634    x$fpl$dretinf       fz_ws.l(dretinf.o)
    0x08004114   0x000001d4   Code   RO          604    x$fpl$dsub          fz_ws.l(daddsub_clz.o)
    0x080042e8   0x00000056   Code   RO          610    x$fpl$f2d           fz_ws.l(f2d.o)
    0x0800433e   0x00000002   PAD
    0x08004340   0x0000003e   Code   RO          612    x$fpl$ffixu         fz_ws.l(ffixu.o)
    0x0800437e   0x00000002   PAD
    0x08004380   0x00000026   Code   RO          616    x$fpl$ffltu         fz_ws.l(fflt_clz.o)
    0x080043a6   0x00000002   PAD
    0x080043a8   0x00000102   Code   RO          622    x$fpl$fmul          fz_ws.l(fmul.o)
    0x080044aa   0x0000008c   Code   RO          636    x$fpl$fnaninf       fz_ws.l(fnaninf.o)
    0x08004536   0x0000000a   Code   RO          638    x$fpl$fretinf       fz_ws.l(fretinf.o)
    0x08004540   0x00000000   Code   RO          640    x$fpl$usenofp       fz_ws.l(usenofp.o)
    0x08004540   0x00000018   Data   RO          225    .constdata          rtc.o
    0x08004558   0x00000028   Data   RO          556    .constdata          c_w.l(_printf_hex_int.o)
    0x08004580   0x00000020   Data   RO          796    Region$$Table       anon$$obj.o


    Execution Region RW_IRAM1 (Base: 0x20000000, Size: 0x00001b68, Max: 0x00005000, ABSOLUTE, COMPRESSED[0x000000d8])

    Base Addr    Size         Type   Attr      Idx    E Section Name        Object

    0x20000000   0x0000002a   Data   RW            3    .data               main.o
    0x2000002a   0x00000002   PAD
    0x2000002c   0x00000014   Data   RW          188    .data               system_stm32f10x.o
    0x20000040   0x00000001   Data   RW          206    .data               key.o
    0x20000041   0x00000001   PAD
    0x20000042   0x00000002   Data   RW          226    .data               rtc.o
    0x20000044   0x00000002   Data   RW          245    .data               flash.o
    0x20000046   0x00000002   Data   RW          278    .data               i2c.o
    0x20000048   0x00000008   Data   RW          297    .data               sht20.o
    0x20000050   0x00000004   Data   RW          315    .data               delay.o
    0x20000054   0x00000018   Data   RW          347    .data               usart.o
    0x2000006c   0x00000014   Data   RW          398    .data               stm32f10x_rcc.o
    0x20000080   0x00000002   Data   RW          508    .data               xieyi.o
    0x20000082   0x00000002   PAD
    0x20000084   0x00000184   Data   RW          523    .data               xieyi_config.o
    0x20000208   0x00000153   Zero   RW            2    .bss                main.o
    0x2000035b   0x00000001   PAD
    0x2000035c   0x0000000a   Zero   RW          224    .bss                rtc.o
    0x20000366   0x00001000   Zero   RW          244    .bss                flash.o
    0x20001366   0x00000012   Zero   RW          263    .bss                spi.o
    0x20001378   0x00000190   Zero   RW          346    .bss                usart.o
    0x20001508   0x00000060   Zero   RW          675    .bss                c_w.l(libspace.o)
    0x20001568   0x00000200   Zero   RW          379    HEAP                startup_stm32f10x_md.o
    0x20001768   0x00000400   Zero   RW          378    STACK               startup_stm32f10x_md.o


==============================================================================

Image component sizes


      Code (inc. data)   RO Data    RW Data    ZI Data      Debug   Object Name

       212         18          0          4          0        995   delay.o
      1126         22          0          2       4096       4999   flash.o
      1050         28          0          2          0       4333   i2c.o
       124          8          0          1          0        879   key.o
      2792        644          0         42        339     247546   main.o
       220         22          0          0          0       1769   misc.o
      1008         80         24          2         10       3628   rtc.o
       576         32          0          8          0       3540   sht20.o
       224         12          0          0         18       1265   spi.o
        64         26        236          0       1536        788   startup_stm32f10x_md.o
       196          8          0          0          0       3432   stm32f10x_bkp.o
       284         10          0          0          0       2203   stm32f10x_exti.o
       860         38          0          0          0       5617   stm32f10x_gpio.o
        26          0          0          0          0       1166   stm32f10x_it.o
       204         14          0          0          0       1903   stm32f10x_pwr.o
       932         36          0         20          0       8776   stm32f10x_rcc.o
       328          4          0          0          0       2654   stm32f10x_rtc.o
       780         14          0          0          0       6498   stm32f10x_spi.o
      1032         22          0          0          0       8340   stm32f10x_usart.o
       480         30          0          0          0       1607   sys.o
       480         38          0         20          0       1695   system_stm32f10x.o
       648         38          0         24        400       5031   usart.o
       872         72          0          2          0       2977   xieyi.o
         6          0          0        388          0       1591   xieyi_config.o

    ----------------------------------------------------------------------
     14530       1216        292        520       6400     323232   Object Totals
         0          0         32          0          0          0   (incl. Generated)
         6          0          0          5          1          0   (incl. Padding)

    ----------------------------------------------------------------------

      Code (inc. data)   RO Data    RW Data    ZI Data      Debug   Library Member Name

        90          0          0          0          0          0   __dczerorl2.o
         8          0          0          0          0         68   __main.o
       104          0          0          0          0         84   __printf.o
         0          0          0          0          0          0   __rtentry.o
        12          0          0          0          0          0   __rtentry2.o
         6          0          0          0          0          0   __rtentry4.o
        52          8          0          0          0          0   __scatter.o
        28          0          0          0          0          0   __scatter_zi.o
        48          6          0          0          0         96   _printf_char_common.o
        36          4          0          0          0         80   _printf_char_file.o
         6          0          0          0          0          0   _printf_d.o
       120         16          0          0          0         92   _printf_dec.o
        88          4         40          0          0         88   _printf_hex_int.o
       178          0          0          0          0         88   _printf_intcommon.o
         0          0          0          0          0          0   _printf_percent.o
         4          0          0          0          0          0   _printf_percent_end.o
         6          0          0          0          0          0   _printf_x.o
        12          0          0          0          0         72   exit.o
         8          0          0          0          0         68   ferror.o
         6          0          0          0          0        152   heapauxi.o
         2          0          0          0          0          0   libinit.o
         2          0          0          0          0          0   libinit2.o
         2          0          0          0          0          0   libshutdown.o
         2          0          0          0          0          0   libshutdown2.o
         8          4          0          0         96         68   libspace.o
        24          4          0          0          0         84   noretval__2printf.o
         2          0          0          0          0          0   rtexit.o
        10          0          0          0          0          0   rtexit2.o
        74          0          0          0          0         80   sys_stackheap_outer.o
         2          0          0          0          0         68   use_no_semi.o
         2          0          0          0          0         68   use_no_semi_2.o
        98          4          0          0          0         92   d2f.o
       804         16          0          0          0        272   daddsub_clz.o
       340         12          0          0          0        104   dmul.o
       156          4          0          0          0         92   dnaninf.o
        12          0          0          0          0         68   dretinf.o
        86          4          0          0          0         84   f2d.o
        62          4          0          0          0         84   ffixu.o
        38          0          0          0          0         68   fflt_clz.o
       258          4          0          0          0         84   fmul.o
       140          4          0          0          0         84   fnaninf.o
        10          0          0          0          0         68   fretinf.o
         0          0          0          0          0          0   usenofp.o

    ----------------------------------------------------------------------
      2962         98         40          0         96       2356   Library Totals
        16          0          0          0          0          0   (incl. Padding)

    ----------------------------------------------------------------------

      Code (inc. data)   RO Data    RW Data    ZI Data      Debug   Library Name

       942         46         40          0         96       1256   c_w.l
      2004         52          0          0          0       1100   fz_ws.l

    ----------------------------------------------------------------------
      2962         98         40          0         96       2356   Library Totals

    ----------------------------------------------------------------------

==============================================================================


      Code (inc. data)   RO Data    RW Data    ZI Data      Debug   

     17492       1314        332        520       6496     322100   Grand Totals
     17492       1314        332        216       6496     322100   ELF Image Totals (compressed)
     17492       1314        332        216          0          0   ROM Totals

==============================================================================

    Total RO  Size (Code + RO Data)                17824 (  17.41kB)
    Total RW  Size (RW Data + ZI Data)              7016 (   6.85kB)
    Total ROM Size (Code + RO Data + RW Data)      18040 (  17.62kB)

==============================================================================

